Archive member included to satisfy reference by file (symbol)

../../libDaisy//build\libdaisy.a(daisy_seed.o)
                              build/TestingScreen.o (daisy::DaisySeed::GetPin(unsigned char))
../../libDaisy//build\libdaisy.a(codec_ak4556.o)
                              ../../libDaisy//build\libdaisy.a(daisy_seed.o) (daisy::Ak4556::Init(dsy_gpio_pin))
../../libDaisy//build\libdaisy.a(codec_wm8731.o)
                              ../../libDaisy//build\libdaisy.a(daisy_seed.o) (daisy::Wm8731::Init(daisy::Wm8731::Config const&, daisy::I2CHandle))
../../libDaisy//build\libdaisy.a(sdram.o)
                              ../../libDaisy//build\libdaisy.a(daisy_seed.o) (SdramHandle::Init())
../../libDaisy//build\libdaisy.a(audio.o)
                              ../../libDaisy//build\libdaisy.a(daisy_seed.o) (daisy::AudioHandle::Init(daisy::AudioHandle::Config const&, daisy::SaiHandle))
../../libDaisy//build\libdaisy.a(logger.o)
                              build/TestingScreen.o (daisy::Logger<(daisy::LoggerDestination)1>::PrintLine(char const*, ...))
../../libDaisy//build\libdaisy.a(usb.o)
                              ../../libDaisy//build\libdaisy.a(logger.o) (daisy::UsbHandle::Init(daisy::UsbHandle::UsbPeriph))
../../libDaisy//build\libdaisy.a(gpio.o)
                              build/TestingScreen.o (dsy_gpio_init)
../../libDaisy//build\libdaisy.a(i2c.o)
                              ../../libDaisy//build\libdaisy.a(daisy_seed.o) (daisy::I2CHandle::Init(daisy::I2CHandle::Config const&))
../../libDaisy//build\libdaisy.a(qspi.o)
                              ../../libDaisy//build\libdaisy.a(daisy_seed.o) (daisy::QSPIHandle::Init(daisy::QSPIHandle::Config const&))
../../libDaisy//build\libdaisy.a(sai.o)
                              ../../libDaisy//build\libdaisy.a(daisy_seed.o) (daisy::SaiHandle::Init(daisy::SaiHandle::Config const&))
../../libDaisy//build\libdaisy.a(spi.o)
                              build/TestingScreen.o (daisy::SpiHandle::Init(daisy::SpiHandle::Config const&))
../../libDaisy//build\libdaisy.a(system.o)
                              ../../libDaisy//build\libdaisy.a(daisy_seed.o) (daisy::System::DeInit())
../../libDaisy//build\libdaisy.a(system_stm32h7xx.o)
                              build/startup_stm32h750xx.o (SystemInit)
../../libDaisy//build\libdaisy.a(usbd_cdc_if.o)
                              ../../libDaisy//build\libdaisy.a(usb.o) (CDC_Transmit_FS)
../../libDaisy//build\libdaisy.a(usbd_conf.o)
                              ../../libDaisy//build\libdaisy.a(system.o) (hpcd_USB_OTG_HS)
../../libDaisy//build\libdaisy.a(usbd_desc.o)
                              ../../libDaisy//build\libdaisy.a(usb.o) (HS_Desc)
../../libDaisy//build\libdaisy.a(usbh_conf.o)
                              ../../libDaisy//build\libdaisy.a(system.o) (hhcd_USB_OTG_HS)
../../libDaisy//build\libdaisy.a(hal_map.o)
                              ../../libDaisy//build\libdaisy.a(gpio.o) (dsy_hal_map_get_port)
../../libDaisy//build\libdaisy.a(oled_fonts.o)
                              build/TestingScreen.o (Font_7x10)
../../libDaisy//build\libdaisy.a(stm32h7xx_hal.o)
                              ../../libDaisy//build\libdaisy.a(system.o) (HAL_Init)
../../libDaisy//build\libdaisy.a(stm32h7xx_hal_cortex.o)
                              ../../libDaisy//build\libdaisy.a(stm32h7xx_hal.o) (HAL_NVIC_SetPriorityGrouping)
../../libDaisy//build\libdaisy.a(stm32h7xx_hal_dma.o)
                              ../../libDaisy//build\libdaisy.a(i2c.o) (HAL_DMA_Init)
../../libDaisy//build\libdaisy.a(stm32h7xx_hal_gpio.o)
                              ../../libDaisy//build\libdaisy.a(sdram.o) (HAL_GPIO_Init)
../../libDaisy//build\libdaisy.a(stm32h7xx_hal_hcd.o)
                              ../../libDaisy//build\libdaisy.a(usbh_conf.o) (HAL_HCD_HC_Init)
../../libDaisy//build\libdaisy.a(stm32h7xx_hal_i2c.o)
                              ../../libDaisy//build\libdaisy.a(i2c.o) (HAL_I2C_Init)
../../libDaisy//build\libdaisy.a(stm32h7xx_hal_i2c_ex.o)
                              ../../libDaisy//build\libdaisy.a(i2c.o) (HAL_I2CEx_ConfigAnalogFilter)
../../libDaisy//build\libdaisy.a(stm32h7xx_hal_pcd.o)
                              ../../libDaisy//build\libdaisy.a(usbd_conf.o) (HAL_PCD_Init)
../../libDaisy//build\libdaisy.a(stm32h7xx_hal_pcd_ex.o)
                              ../../libDaisy//build\libdaisy.a(usbd_conf.o) (HAL_PCDEx_SetTxFiFo)
../../libDaisy//build\libdaisy.a(stm32h7xx_hal_pwr_ex.o)
                              ../../libDaisy//build\libdaisy.a(system.o) (HAL_PWREx_ConfigSupply)
../../libDaisy//build\libdaisy.a(stm32h7xx_hal_qspi.o)
                              ../../libDaisy//build\libdaisy.a(qspi.o) (HAL_QSPI_Init)
../../libDaisy//build\libdaisy.a(stm32h7xx_hal_rcc.o)
                              ../../libDaisy//build\libdaisy.a(system.o) (HAL_RCC_OscConfig)
../../libDaisy//build\libdaisy.a(stm32h7xx_hal_rcc_ex.o)
[...]
Memory Configuration

Name             Origin             Length             Attributes
FLASH            0x08000000         0x00020000         xr
DTCMRAM          0x20000000         0x00020000         xrw
SRAM             0x24000000         0x00080000         xrw
RAM_D2           0x30000000         0x00048000         xrw
RAM_D3           0x38000000         0x00010000         xrw
ITCMRAM          0x00000000         0x00010000         xrw
SDRAM            0xc0000000         0x04000000         xrw
QSPIFLASH        0x90000000         0x00800000         xr
*default*        0x00000000         0xffffffff

Linker script and memory map

LOAD c:/program files/daisytoolchain/bin/../lib/gcc/arm-none-eabi/10.2.1/thumb/v7e-m+dp/hard/crti.o
LOAD c:/program files/daisytoolchain/bin/../lib/gcc/arm-none-eabi/10.2.1/thumb/v7e-m+dp/hard/crtbegin.o
LOAD c:/program files/daisytoolchain/bin/../lib/gcc/arm-none-eabi/10.2.1/../../../../arm-none-eabi/lib/thumb/v7e-m+dp/hard/crt0.o
LOAD build/startup_stm32h750xx.o
LOAD build/TestingScreen.o
LOAD build/hc165.o
LOAD ../../libDaisy//build\libdaisy.a
LOAD c:/program files/daisytoolchain/bin/../lib/gcc/arm-none-eabi/10.2.1/../../../../arm-none-eabi/lib/thumb/v7e-m+dp/hard\libnosys.a
LOAD ../../DaisySP//build\libdaisysp.a
LOAD c:/program files/daisytoolchain/bin/../lib/gcc/arm-none-eabi/10.2.1/../../../../arm-none-eabi/lib/thumb/v7e-m+dp/hard\libstdc++_nano.a
LOAD c:/program files/daisytoolchain/bin/../lib/gcc/arm-none-eabi/10.2.1/../../../../arm-none-eabi/lib/thumb/v7e-m+dp/hard\libm.a
LOAD c:/program files/daisytoolchain/bin/../lib/gcc/arm-none-eabi/10.2.1/../../../../arm-none-eabi/lib/thumb/v7e-m+dp/hard\libc_nano.a
START GROUP
LOAD c:/program files/daisytoolchain/bin/../lib/gcc/arm-none-eabi/10.2.1/thumb/v7e-m+dp/hard\libgcc.a
LOAD c:/program files/daisytoolchain/bin/../lib/gcc/arm-none-eabi/10.2.1/../../../../arm-none-eabi/lib/thumb/v7e-m+dp/hard\libc_nano.a
END GROUP
START GROUP
LOAD c:/program files/daisytoolchain/bin/../lib/gcc/arm-none-eabi/10.2.1/thumb/v7e-m+dp/hard\libgcc.a
LOAD c:/program files/daisytoolchain/bin/../lib/gcc/arm-none-eabi/10.2.1/../../../../arm-none-eabi/lib/thumb/v7e-m+dp/hard\libc_nano.a
LOAD c:/program files/daisytoolchain/bin/../lib/gcc/arm-none-eabi/10.2.1/../../../../arm-none-eabi/lib/thumb/v7e-m+dp/hard\libnosys.a
END GROUP
START GROUP
LOAD c:/program files/daisytoolchain/bin/../lib/gcc/arm-none-eabi/10.2.1/thumb/v7e-m+dp/hard\libgcc.a
LOAD c:/program files/daisytoolchain/bin/../lib/gcc/arm-none-eabi/10.2.1/../../../../arm-none-eabi/lib/thumb/v7e-m+dp/hard\libc_nano.a
LOAD c:/program files/daisytoolchain/bin/../lib/gcc/arm-none-eabi/10.2.1/../../../../arm-none-eabi/lib/thumb/v7e-m+dp/hard\libnosys.a
END GROUP
LOAD c:/program files/daisytoolchain/bin/../lib/gcc/arm-none-eabi/10.2.1/thumb/v7e-m+dp/hard/crtend.o
LOAD c:/program files/daisytoolchain/bin/../lib/gcc/arm-none-eabi/10.2.1/thumb/v7e-m+dp/hard/crtn.o
                0x20020000                _estack = 0x20020000

.isr_vector     0x08000000      0x298
                0x08000000                . = ALIGN (0x4)
 *(.isr_vector)
 .isr_vector    0x08000000      0x298 build/startup_stm32h750xx.o
                0x08000000                g_pfnVectors
                0x08000298                . = ALIGN (0x4)

.text           0x08000298    0x10f08
                0x08000298                . = ALIGN (0x4)
                0x08000298                _stext = .
 *(.text)
 .text          0x08000298       0x40 c:/program files/daisytoolchain/bin/../lib/gcc/arm-none-eabi/10.2.1/thumb/v7e-m+dp/hard/crtbegin.o
 .text          0x080002d8      0x378 c:/program files/daisytoolchain/bin/../lib/gcc/arm-none-eabi/10.2.1/thumb/v7e-m+dp/hard\libgcc.a(_arm_addsubdf3.o)
                0x080002d8                __aeabi_drsub
                0x080002e0                __aeabi_dsub
                0x080002e0                __subdf3
                0x080002e4                __aeabi_dadd
                0x080002e4                __adddf3
                0x0800055c                __floatunsidf
                0x0800055c                __aeabi_ui2d
                0x0800057c                __floatsidf
                0x0800057c                __aeabi_i2d
                0x080005a0                __aeabi_f2d
                0x080005a0                __extendsfdf2
                0x080005e4                __floatundidf
                0x080005e4                __aeabi_ul2d
                0x080005f4                __floatdidf
                0x080005f4                __aeabi_l2d
 .text          0x08000650       0x30 c:/program files/daisytoolchain/bin/../lib/gcc/arm-none-eabi/10.2.1/thumb/v7e-m+dp/hard\libgcc.a(_aeabi_uldivmod.o)
                0x08000650                __aeabi_uldivmod
 .text          0x08000680      0x2d0 c:/program files/daisytoolchain/bin/../lib/gcc/arm-none-eabi/10.2.1/thumb/v7e-m+dp/hard\libgcc.a(_udivmoddi4.o)
                0x08000680                __udivmoddi4
 .text          0x08000950        0x4 c:/program files/daisytoolchain/bin/../lib/gcc/arm-none-eabi/10.2.1/thumb/v7e-m+dp/hard\libgcc.a(_dvmd_tls.o)
                0x08000950                __aeabi_idiv0
                0x08000950                __aeabi_ldiv0
 *(.text*)
 .text.Default_Handler
                0x08000954        0x4 build/startup_stm32h750xx.o
                0x08000954                RTC_Alarm_IRQHandler
                0x08000954                HASH_RNG_IRQHandler
                0x08000954                EXTI2_IRQHandler
                0x08000954                TIM8_CC_IRQHandler
                0x08000954                HRTIM1_Master_IRQHandler
                0x08000954                DebugMon_Handler
                0x08000954                TIM1_CC_IRQHandler
                0x08000954                BDMA_Channel6_IRQHandler
                0x08000954                DMA2_Stream5_IRQHandler
                0x08000954                HRTIM1_FLT_IRQHandler
                0x08000954                JPEG_IRQHandler
                0x08000954                BDMA_Channel1_IRQHandler
                0x08000954                HRTIM1_TIMD_IRQHandler
                0x08000954                TAMP_STAMP_IRQHandler
                0x08000954                PendSV_Handler
                0x08000954                NMI_Handler
                0x08000954                EXTI3_IRQHandler
                0x08000954                LPTIM4_IRQHandler
                0x08000954                TIM8_TRG_COM_TIM14_IRQHandler
                0x08000954                LPTIM2_IRQHandler
                0x08000954                DFSDM1_FLT1_IRQHandler
                0x08000954                DMAMUX2_OVR_IRQHandler
                0x08000954                TIM8_UP_TIM13_IRQHandler
                0x08000954                I2C3_ER_IRQHandler
                0x08000954                DFSDM1_FLT2_IRQHandler
                0x08000954                MDMA_IRQHandler
                0x08000954                LPTIM3_IRQHandler
                0x08000954                HSEM1_IRQHandler
                0x08000954                EXTI0_IRQHandler
                0x08000954                DMA1_Stream2_IRQHandler
                0x08000954                FPU_IRQHandler
                0x08000954                OTG_HS_WKUP_IRQHandler
                0x08000954                FDCAN1_IT1_IRQHandler
                0x08000954                UsageFault_Handler
                0x08000954                LTDC_ER_IRQHandler
                0x08000954                HRTIM1_TIME_IRQHandler
                0x08000954                TIM6_DAC_IRQHandler
                0x08000954                DCMI_IRQHandler
                0x08000954                HRTIM1_TIMC_IRQHandler
                0x08000954                SAI2_IRQHandler
                0x08000954                DFSDM1_FLT3_IRQHandler
                0x08000954                TIM17_IRQHandler
                0x08000954                CRYP_IRQHandler
                0x08000954                BDMA_Channel7_IRQHandler
                0x08000954                LPTIM5_IRQHandler
                0x08000954                ADC3_IRQHandler
                0x08000954                DMA2_Stream0_IRQHandler
                0x08000954                BDMA_Channel2_IRQHandler
                0x08000954                DMAMUX1_OVR_IRQHandler
                0x08000954                TIM16_IRQHandler
                0x08000954                BDMA_Channel5_IRQHandler
                0x08000954                RCC_IRQHandler
                0x08000954                TIM8_BRK_TIM12_IRQHandler
                0x08000954                TIM1_TRG_COM_IRQHandler
                0x08000954                Default_Handler
                0x08000954                ECC_IRQHandler
                0x08000954                CEC_IRQHandler
                0x08000954                EXTI15_10_IRQHandler
                0x08000954                BDMA_Channel0_IRQHandler
                0x08000954                ADC_IRQHandler
                0x08000954                DMA1_Stream7_IRQHandler
                0x08000954                HRTIM1_TIMA_IRQHandler
                0x08000954                TIM7_IRQHandler
                0x08000954                SDMMC1_IRQHandler
                0x08000954                DMA2_Stream7_IRQHandler
                0x08000954                TIM15_IRQHandler
                0x08000954                PVD_AVD_IRQHandler
                0x08000954                EXTI9_5_IRQHandler
                0x08000954                RTC_WKUP_IRQHandler
                0x08000954                LTDC_IRQHandler
                0x08000954                SAI3_IRQHandler
                0x08000954                ETH_WKUP_IRQHandler
                0x08000954                SPDIF_RX_IRQHandler
                0x08000954                MemManage_Handler
                0x08000954                SVC_Handler
                0x08000954                CRS_IRQHandler
                0x08000954                EXTI4_IRQHandler
                0x08000954                HRTIM1_TIMB_IRQHandler
                0x08000954                FDCAN2_IT1_IRQHandler
                0x08000954                ETH_IRQHandler
                0x08000954                TIM1_UP_IRQHandler
                0x08000954                BDMA_Channel4_IRQHandler
                0x08000954                WWDG_IRQHandler
                0x08000954                SPI6_IRQHandler
                0x08000954                I2C4_EV_IRQHandler
                0x08000954                MDIOS_IRQHandler
                0x08000954                FDCAN2_IT0_IRQHandler
                0x08000954                FDCAN1_IT0_IRQHandler
                0x08000954                OTG_FS_WKUP_IRQHandler
                0x08000954                DMA2D_IRQHandler
                0x08000954                TIM1_BRK_IRQHandler
                0x08000954                EXTI1_IRQHandler
                0x08000954                SDMMC2_IRQHandler
                0x08000954                BDMA_Channel3_IRQHandler
                0x08000954                MDIOS_WKUP_IRQHandler
                0x08000954                DFSDM1_FLT0_IRQHandler
                0x08000954                SAI4_IRQHandler
                0x08000954                I2C2_ER_IRQHandler
                0x08000954                DMA2_Stream1_IRQHandler
                0x08000954                FLASH_IRQHandler
                0x08000954                BusFault_Handler
                0x08000954                WAKEUP_PIN_IRQHandler
                0x08000954                I2C1_ER_IRQHandler
                0x08000954                FMC_IRQHandler
                0x08000954                FDCAN_CAL_IRQHandler
                0x08000954                SWPMI1_IRQHandler
                0x08000954                COMP1_IRQHandler
                0x08000954                LPTIM1_IRQHandler
                0x08000954                I2C4_ER_IRQHandler
                0x08000954                DMA2_Stream6_IRQHandler
                0x08000954                SAI1_IRQHandler
 .text.Reset_Handler
                0x08000958       0x44 build/startup_stm32h750xx.o
                0x08000958                Reset_Handler
 .text._ZN5daisy9DaisySeedD2Ev
                0x0800099c        0x4 build/TestingScreen.o
                0x0800099c                daisy::DaisySeed::~DaisySeed()
                0x0800099c                daisy::DaisySeed::~DaisySeed()
 .text._ZN16ShiftRegister165D2Ev
                0x080009a0        0x4 build/TestingScreen.o
                0x080009a0                ShiftRegister165::~ShiftRegister165()
                0x080009a0                ShiftRegister165::~ShiftRegister165()
 .text._ZN5daisy11OledDisplayINS_13SSD130xDriverILj128ELj64ENS_24SSD130x4WireSpiTransportEEEE4FillEb
                0x080009a4       0x10 build/TestingScreen.o
                0x080009a4                daisy::OledDisplay<daisy::SSD130xDriver<128u, 64u, daisy::SSD130x4WireSpiTransport> >::Fill(bool)
 .text._ZN5daisy11OledDisplayINS_13SSD130xDriverILj128ELj64ENS_24SSD130x4WireSpiTransportEEEED2Ev
                0x080009b4        0x4 build/TestingScreen.o
                0x080009b4                daisy::OledDisplay<daisy::SSD130xDriver<128u, 64u, daisy::SSD130x4WireSpiTransport> >::~OledDisplay()
                0x080009b4                daisy::OledDisplay<daisy::SSD130xDriver<128u, 64u, daisy::SSD130x4WireSpiTransport> >::~OledDisplay()
 .text._ZNK5daisy11OledDisplayINS_13SSD130xDriverILj128ELj64ENS_24SSD130x4WireSpiTransportEEEE6HeightEv
                0x080009b8        0x4 build/TestingScreen.o
                0x080009b8                daisy::OledDisplay<daisy::SSD130xDriver<128u, 64u, daisy::SSD130x4WireSpiTransport> >::Height() const
 .text._ZNK5daisy11OledDisplayINS_13SSD130xDriverILj128ELj64ENS_24SSD130x4WireSpiTransportEEEE5WidthEv
                0x080009bc        0x4 build/TestingScreen.o
                0x080009bc                daisy::OledDisplay<daisy::SSD130xDriver<128u, 64u, daisy::SSD130x4WireSpiTransport> >::Width() const
 .text._ZN5daisy11OledDisplayINS_13SSD130xDriverILj128ELj64ENS_24SSD130x4WireSpiTransportEEEED0Ev
                0x080009c0       0x10 build/TestingScreen.o
                0x080009c0                daisy::OledDisplay<daisy::SSD130xDriver<128u, 64u, daisy::SSD130x4WireSpiTransport> >::~OledDisplay()
 .text._ZN5daisy11OledDisplayINS_13SSD130xDriverILj128ELj64ENS_24SSD130x4WireSpiTransportEEEE6UpdateEv
                0x080009d0       0x8c build/TestingScreen.o
                0x080009d0                daisy::OledDisplay<daisy::SSD130xDriver<128u, 64u, daisy::SSD130x4WireSpiTransport> >::Update()
 .text._ZN5daisy25OneBitGraphicsDisplayImplINS_11OledDisplayINS_13SSD130xDriverILj128ELj64ENS_24SSD130x4WireSpiTransportEEEEEE9WriteCharEc7FontDefb
                0x08000a5c      0x1a0 build/TestingScreen.o
                0x08000a5c                daisy::OneBitGraphicsDisplayImpl<daisy::OledDisplay<daisy::SSD130xDriver<128u, 64u, daisy::SSD130x4WireSpiTransport> > >::WriteChar(char, FontDef, bool)
 .text._ZN5daisy25OneBitGraphicsDisplayImplINS_11OledDisplayINS_13SSD130xDriverILj128ELj64ENS_24SSD130x4WireSpiTransportEEEEEE11WriteStringEPKc7FontDefb
                0x08000bfc      0x1c0 build/TestingScreen.o
                0x08000bfc                daisy::OneBitGraphicsDisplayImpl<daisy::OledDisplay<daisy::SSD130xDriver<128u, 64u, daisy::SSD130x4WireSpiTransport> > >::WriteString(char const*, FontDef, bool)
 .text._ZN5daisy11OledDisplayINS_13SSD130xDriverILj128ELj64ENS_24SSD130x4WireSpiTransportEEEE9DrawPixelEjjb
                0x08000dbc       0x44 build/TestingScreen.o
                0x08000dbc                daisy::OledDisplay<daisy::SSD130xDriver<128u, 64u, daisy::SSD130x4WireSpiTransport> >::DrawPixel(unsigned int, unsigned int, bool)
 .text._ZN5daisy25OneBitGraphicsDisplayImplINS_11OledDisplayINS_13SSD130xDriverILj128ELj64ENS_24SSD130x4WireSpiTransportEEEEEE8DrawLineEjjjjb
                0x08000e00       0xfc build/TestingScreen.o
                0x08000e00                daisy::OneBitGraphicsDisplayImpl<daisy::OledDisplay<daisy::SSD130xDriver<128u, 64u, daisy::SSD130x4WireSpiTransport> > >::DrawLine(unsigned int, unsigned int, unsigned int, unsigned int, bool)
 *fill*         0x08000efc        0x4 
 .text._ZN5daisy25OneBitGraphicsDisplayImplINS_11OledDisplayINS_13SSD130xDriverILj128ELj64ENS_24SSD130x4WireSpiTransportEEEEEE7DrawArcEjjjiib
                0x08000f00      0x478 build/TestingScreen.o
                0x08000f00                daisy::OneBitGraphicsDisplayImpl<daisy::OledDisplay<daisy::SSD130xDriver<128u, 64u, daisy::SSD130x4WireSpiTransport> > >::DrawArc(unsigned int, unsigned int, unsigned int, int, int, bool)
 .text._ZN5daisy25OneBitGraphicsDisplayImplINS_11OledDisplayINS_13SSD130xDriverILj128ELj64ENS_24SSD130x4WireSpiTransportEEEEEE18WriteStringAlignedEPKcRK7FontDefNS_9RectangleENS_9AlignmentEb
                0x08001378      0x3f0 build/TestingScreen.o
                0x08001378                daisy::OneBitGraphicsDisplayImpl<daisy::OledDisplay<daisy::SSD130xDriver<128u, 64u, daisy::SSD130x4WireSpiTransport> > >::WriteStringAligned(char const*, FontDef const&, daisy::Rectangle, daisy::Alignment, bool)
 .text._ZN5daisy25OneBitGraphicsDisplayImplINS_11OledDisplayINS_13SSD130xDriverILj128ELj64ENS_24SSD130x4WireSpiTransportEEEEEE8DrawRectEjjjjbb
                0x08001768      0x418 build/TestingScreen.o
                0x08001768                daisy::OneBitGraphicsDisplayImpl<daisy::OledDisplay<daisy::SSD130xDriver<128u, 64u, daisy::SSD130x4WireSpiTransport> > >::DrawRect(unsigned int, unsigned int, unsigned int, unsigned int, bool, bool)
 .text._ZN5daisy13SSD130xDriverILj128ELj64ENS_24SSD130x4WireSpiTransportEE4InitENS2_6ConfigE
                0x08001b80      0x2ec build/TestingScreen.o
                0x08001b80                daisy::SSD130xDriver<128u, 64u, daisy::SSD130x4WireSpiTransport>::Init(daisy::SSD130xDriver<128u, 64u, daisy::SSD130x4WireSpiTransport>::Config)
 .text.startup.main
                0x08001e6c      0x27c build/TestingScreen.o
                0x08001e6c                main
 .text.startup._GLOBAL__sub_I_hw
                0x080020e8       0x8c build/TestingScreen.o
 .text._ZN16ShiftRegister1654InitEP12dsy_gpio_pinj
                0x08002174       0x60 build/hc165.o
                0x08002174                ShiftRegister165::Init(dsy_gpio_pin*, unsigned int)
 .text._ZN16ShiftRegister1654ReadEv
                0x080021d4       0x7c build/hc165.o
                0x080021d4                ShiftRegister165::Read()
 .text._ZN5daisy9DaisySeed6GetPinEh
                0x08002250       0x2c ../../libDaisy//build\libdaisy.a(daisy_seed.o)
                0x08002250                daisy::DaisySeed::GetPin(unsigned char)
 .text._ZN5daisy9DaisySeed14ConfigureAudioEv
                0x0800227c       0xd0 ../../libDaisy//build\libdaisy.a(daisy_seed.o)
                0x0800227c                daisy::DaisySeed::ConfigureAudio()
 .text._ZN5daisy9DaisySeed4InitEb
                0x0800234c       0xf0 ../../libDaisy//build\libdaisy.a(daisy_seed.o)
                0x0800234c                daisy::DaisySeed::Init(bool)
 .text._ZN5daisy6Ak45564InitE12dsy_gpio_pin
                0x0800243c       0x44 ../../libDaisy//build\libdaisy.a(codec_ak4556.o)
                0x0800243c                daisy::Ak4556::Init(dsy_gpio_pin)
 .text._ZN5daisy6Wm873120WriteControlRegisterEht
                0x08002480       0x3c ../../libDaisy//build\libdaisy.a(codec_wm8731.o)
                0x08002480                daisy::Wm8731::WriteControlRegister(unsigned char, unsigned short)
 .text._ZN5daisy6Wm87314InitERKNS0_6ConfigENS_9I2CHandleE
                0x080024bc      0x1bc ../../libDaisy//build\libdaisy.a(codec_wm8731.o)
                0x080024bc                daisy::Wm8731::Init(daisy::Wm8731::Config const&, daisy::I2CHandle)
 .text._ZN11SdramHandle10DeviceInitEv
                0x08002678       0x98 ../../libDaisy//build\libdaisy.a(sdram.o)
                0x08002678                SdramHandle::DeviceInit()
 .text._ZN11SdramHandle4InitEv
                0x08002710       0x7c ../../libDaisy//build\libdaisy.a(sdram.o)
                0x08002710                SdramHandle::Init()
 .text.HAL_SDRAM_MspInit
                0x0800278c      0x1a8 ../../libDaisy//build\libdaisy.a(sdram.o)
                0x0800278c                HAL_SDRAM_MspInit
 .text._ZN5daisy11AudioHandle4InitERKNS0_6ConfigENS_9SaiHandleE
                0x08002934       0x70 ../../libDaisy//build\libdaisy.a(audio.o)
                0x08002934                daisy::AudioHandle::Init(daisy::AudioHandle::Config const&, daisy::SaiHandle)
 .text._ZNK5daisy11AudioHandle9GetConfigEv
                0x080029a4        0x8 ../../libDaisy//build\libdaisy.a(audio.o)
                0x080029a4                daisy::AudioHandle::GetConfig() const
 .text._ZN5daisy11AudioHandle13GetSampleRateEv
                0x080029ac        0x8 ../../libDaisy//build\libdaisy.a(audio.o)
                0x080029ac                daisy::AudioHandle::GetSampleRate()
 .text.startup._GLOBAL__sub_I__ZN5daisy11AudioHandle4Impl4InitENS0_6ConfigENS_9SaiHandleE
                0x080029b4       0x24 ../../libDaisy//build\libdaisy.a(audio.o)
 .text._ZN5daisy9UsbHandleD2Ev
                0x080029d8        0x4 ../../libDaisy//build\libdaisy.a(logger.o)
                0x080029d8                daisy::UsbHandle::~UsbHandle()
                0x080029d8                daisy::UsbHandle::~UsbHandle()
 .text.startup._GLOBAL__sub_I__ZN5daisy10LoggerImplILNS_17LoggerDestinationE1EE11usb_handle_E
                0x080029dc       0x2c ../../libDaisy//build\libdaisy.a(logger.o)
 .text.OTG_FS_EP1_OUT_IRQHandler
                0x08002a08        0xc ../../libDaisy//build\libdaisy.a(usb.o)
                0x08002a08                OTG_FS_EP1_OUT_IRQHandler
 .text.OTG_FS_EP1_IN_IRQHandler
                0x08002a14        0xc ../../libDaisy//build\libdaisy.a(usb.o)
                0x08002a14                OTG_FS_EP1_IN_IRQHandler
 .text.OTG_FS_IRQHandler
                0x08002a20        0xc ../../libDaisy//build\libdaisy.a(usb.o)
                0x08002a20                OTG_FS_IRQHandler
 .text.dsy_gpio_init
                0x08002a2c      0x1b8 ../../libDaisy//build\libdaisy.a(gpio.o)
                0x08002a2c                dsy_gpio_init
 .text.dsy_gpio_read
                0x08002be4       0x1c ../../libDaisy//build\libdaisy.a(gpio.o)
                0x08002be4                dsy_gpio_read
 .text.dsy_gpio_write
                0x08002c00       0x24 ../../libDaisy//build\libdaisy.a(gpio.o)
                0x08002c00                dsy_gpio_write
 .text._ZN5daisy9I2CHandle4Impl8InitPinsEv
                0x08002c24       0x58 ../../libDaisy//build\libdaisy.a(i2c.o)
                0x08002c24                daisy::I2CHandle::Impl::InitPins()
 .text.HAL_I2C_MspInit
                0x08002c7c      0x1b4 ../../libDaisy//build\libdaisy.a(i2c.o)
                0x08002c7c                HAL_I2C_MspInit
 .text.dsy_i2c_global_init
                0x08002e30       0x78 ../../libDaisy//build\libdaisy.a(i2c.o)
                0x08002e30                dsy_i2c_global_init
 .text.DMA1_Stream6_IRQHandler
                0x08002ea8       0x34 ../../libDaisy//build\libdaisy.a(i2c.o)
                0x08002ea8                DMA1_Stream6_IRQHandler
 .text.I2C1_EV_IRQHandler
                0x08002edc        0xc ../../libDaisy//build\libdaisy.a(i2c.o)
                0x08002edc                I2C1_EV_IRQHandler
 .text.I2C2_EV_IRQHandler
                0x08002ee8        0xc ../../libDaisy//build\libdaisy.a(i2c.o)
                0x08002ee8                I2C2_EV_IRQHandler
 .text.I2C3_EV_IRQHandler
                0x08002ef4        0xc ../../libDaisy//build\libdaisy.a(i2c.o)
                0x08002ef4                I2C3_EV_IRQHandler
 .text._ZN5daisy9I2CHandle4InitERKNS0_6ConfigE
                0x08002f00      0x12c ../../libDaisy//build\libdaisy.a(i2c.o)
                0x08002f00                daisy::I2CHandle::Init(daisy::I2CHandle::Config const&)
 .text._ZN5daisy9I2CHandle16TransmitBlockingEtPhtm
                0x0800302c       0x50 ../../libDaisy//build\libdaisy.a(i2c.o)
                0x0800302c                daisy::I2CHandle::TransmitBlocking(unsigned short, unsigned char*, unsigned short, unsigned long)
 .text.startup._GLOBAL__sub_I__ZN5daisy9I2CHandle4Impl10GlobalInitEv
                0x0800307c       0x18 ../../libDaisy//build\libdaisy.a(i2c.o)
 .text._ZN5daisy10QSPIHandle4Impl11WriteEnableEv
                0x08003094       0x8c ../../libDaisy//build\libdaisy.a(qspi.o)
                0x08003094                daisy::QSPIHandle::Impl::WriteEnable()
 .text._ZN5daisy10QSPIHandle4Impl17DummyCyclesConfigENS0_6Config6DeviceE
                0x08003120      0x118 ../../libDaisy//build\libdaisy.a(qspi.o)
                0x08003120                daisy::QSPIHandle::Impl::DummyCyclesConfig(daisy::QSPIHandle::Config::Device)
 .text._ZN5daisy10QSPIHandle4Impl10QuadEnableEv
                0x08003238      0x158 ../../libDaisy//build\libdaisy.a(qspi.o)
                0x08003238                daisy::QSPIHandle::Impl::QuadEnable()
 .text._ZN5daisy10QSPIHandle4InitERKNS0_6ConfigE
                0x08003390      0x198 ../../libDaisy//build\libdaisy.a(qspi.o)
                0x08003390                daisy::QSPIHandle::Init(daisy::QSPIHandle::Config const&)
 .text.HAL_QSPI_MspInit
                0x08003528      0x11c ../../libDaisy//build\libdaisy.a(qspi.o)
                0x08003528                HAL_QSPI_MspInit
 .text.HAL_QSPI_MspDeInit
                0x08003644       0x54 ../../libDaisy//build\libdaisy.a(qspi.o)
                0x08003644                HAL_QSPI_MspDeInit
 .text.QUADSPI_IRQHandler
                0x08003698        0xc ../../libDaisy//build\libdaisy.a(qspi.o)
                0x08003698                QUADSPI_IRQHandler
 .text.startup._GLOBAL__sub_I__ZN5daisy10QSPIHandle4Impl4InitERKNS0_6ConfigE
                0x080036a4       0x28 ../../libDaisy//build\libdaisy.a(qspi.o)
 .text._ZN5daisy9SaiHandle4Impl7InitDmaENS1_15PeripheralBlockE
                0x080036cc       0xa0 ../../libDaisy//build\libdaisy.a(sai.o)
                0x080036cc                daisy::SaiHandle::Impl::InitDma(daisy::SaiHandle::Impl::PeripheralBlock)
 .text._ZN5daisy9SaiHandle4Impl8InitPinsEv
                0x0800376c       0xa8 ../../libDaisy//build\libdaisy.a(sai.o)
                0x0800376c                daisy::SaiHandle::Impl::InitPins()
 .text.HAL_SAI_MspInit
                0x08003814      0x164 ../../libDaisy//build\libdaisy.a(sai.o)
                0x08003814                HAL_SAI_MspInit
 .text.DMA1_Stream0_IRQHandler
                0x08003978        0xc ../../libDaisy//build\libdaisy.a(sai.o)
                0x08003978                DMA1_Stream0_IRQHandler
 .text.DMA1_Stream1_IRQHandler
                0x08003984        0xc ../../libDaisy//build\libdaisy.a(sai.o)
                0x08003984                DMA1_Stream1_IRQHandler
 .text.DMA1_Stream3_IRQHandler
                0x08003990        0xc ../../libDaisy//build\libdaisy.a(sai.o)
                0x08003990                DMA1_Stream3_IRQHandler
 .text.DMA1_Stream4_IRQHandler
                0x0800399c        0xc ../../libDaisy//build\libdaisy.a(sai.o)
                0x0800399c                DMA1_Stream4_IRQHandler
 .text._ZN5daisy9SaiHandle4InitERKNS0_6ConfigE
                0x080039a8      0x1f0 ../../libDaisy//build\libdaisy.a(sai.o)
                0x080039a8                daisy::SaiHandle::Init(daisy::SaiHandle::Config const&)
 .text._ZNK5daisy9SaiHandle9GetConfigEv
                0x08003b98        0x4 ../../libDaisy//build\libdaisy.a(sai.o)
                0x08003b98                daisy::SaiHandle::GetConfig() const
 .text._ZN5daisy9SaiHandle13GetSampleRateEv
                0x08003b9c       0x24 ../../libDaisy//build\libdaisy.a(sai.o)
                0x08003b9c                daisy::SaiHandle::GetSampleRate()
 .text._ZN5daisy9SpiHandle4Impl7InitDmaEv
                0x08003bc0       0xec ../../libDaisy//build\libdaisy.a(spi.o)
                0x08003bc0                daisy::SpiHandle::Impl::InitDma()
 .text._ZN5daisy9SpiHandle4Impl10StartDmaTxEPhjPFvPvEPFvS3_NS0_6ResultEES3_
                0x08003cac       0xc8 ../../libDaisy//build\libdaisy.a(spi.o)
                0x08003cac                daisy::SpiHandle::Impl::StartDmaTx(unsigned char*, unsigned int, void (*)(void*), void (*)(void*, daisy::SpiHandle::Result), void*)
 .text._ZN5daisy9SpiHandle4Impl10StartDmaRxEPhjPFvPvEPFvS3_NS0_6ResultEES3_
                0x08003d74       0xc8 ../../libDaisy//build\libdaisy.a(spi.o)
                0x08003d74                daisy::SpiHandle::Impl::StartDmaRx(unsigned char*, unsigned int, void (*)(void*), void (*)(void*, daisy::SpiHandle::Result), void*)
 .text._ZN5daisy9SpiHandle4Impl12StartDmaRxTxEPhS2_jPFvPvEPFvS3_NS0_6ResultEES3_
                0x08003e3c       0xcc ../../libDaisy//build\libdaisy.a(spi.o)
                0x08003e3c                daisy::SpiHandle::Impl::StartDmaRxTx(unsigned char*, unsigned char*, unsigned int, void (*)(void*), void (*)(void*, daisy::SpiHandle::Result), void*)
 .text._ZN5daisy9SpiHandle4Impl8InitPinsEv
                0x08003f08      0x274 ../../libDaisy//build\libdaisy.a(spi.o)
                0x08003f08                daisy::SpiHandle::Impl::InitPins()
 .text.HAL_SPI_MspInit
                0x0800417c      0x1a8 ../../libDaisy//build\libdaisy.a(spi.o)
                0x0800417c                HAL_SPI_MspInit
 .text.dsy_spi_global_init
                0x08004324       0x80 ../../libDaisy//build\libdaisy.a(spi.o)
                0x08004324                dsy_spi_global_init
 .text.SPI1_IRQHandler
                0x080043a4        0xc ../../libDaisy//build\libdaisy.a(spi.o)
                0x080043a4                SPI1_IRQHandler
 .text.SPI2_IRQHandler
                0x080043b0        0xc ../../libDaisy//build\libdaisy.a(spi.o)
                0x080043b0                SPI2_IRQHandler
 .text.SPI3_IRQHandler
                0x080043bc        0xc ../../libDaisy//build\libdaisy.a(spi.o)
                0x080043bc                SPI3_IRQHandler
 .text.SPI4_IRQHandler
                0x080043c8        0xc ../../libDaisy//build\libdaisy.a(spi.o)
                0x080043c8                SPI4_IRQHandler
 .text.SPI5_IRQHandler
                0x080043d4        0xc ../../libDaisy//build\libdaisy.a(spi.o)
                0x080043d4                SPI5_IRQHandler
 .text.DMA2_Stream2_IRQHandler
                0x080043e0       0x34 ../../libDaisy//build\libdaisy.a(spi.o)
                0x080043e0                DMA2_Stream2_IRQHandler
 .text.DMA2_Stream3_IRQHandler
                0x08004414       0x38 ../../libDaisy//build\libdaisy.a(spi.o)
                0x08004414                DMA2_Stream3_IRQHandler
 .text.HAL_SPI_TxCpltCallback
                0x0800444c       0xc4 ../../libDaisy//build\libdaisy.a(spi.o)
                0x0800444c                HAL_SPI_TxCpltCallback
 .text.HAL_SPI_RxCpltCallback
                0x08004510       0xc4 ../../libDaisy//build\libdaisy.a(spi.o)
                0x08004510                HAL_SPI_RxCpltCallback
 .text.HAL_SPI_TxRxCpltCallback
                0x080045d4       0xc4 ../../libDaisy//build\libdaisy.a(spi.o)
                0x080045d4                HAL_SPI_TxRxCpltCallback
 .text.HAL_SPI_ErrorCallback
                0x08004698       0xc8 ../../libDaisy//build\libdaisy.a(spi.o)
                0x08004698                HAL_SPI_ErrorCallback
 .text._ZN5daisy9SpiHandle4InitERKNS0_6ConfigE
                0x08004760      0x10c ../../libDaisy//build\libdaisy.a(spi.o)
                0x08004760                daisy::SpiHandle::Init(daisy::SpiHandle::Config const&)
 .text._ZN5daisy9SpiHandle16BlockingTransmitEPhjm
                0x0800486c       0x14 ../../libDaisy//build\libdaisy.a(spi.o)
                0x0800486c                daisy::SpiHandle::BlockingTransmit(unsigned char*, unsigned int, unsigned long)
 .text.startup._GLOBAL__sub_I__Z19MapInstanceToHandleP11SPI_TypeDef
                0x08004880      0x1b0 ../../libDaisy//build\libdaisy.a(spi.o)
 .text._ZN5daisy11TimerHandleD2Ev
                0x08004a30        0x4 ../../libDaisy//build\libdaisy.a(system.o)
                0x08004a30                daisy::TimerHandle::~TimerHandle()
                0x08004a30                daisy::TimerHandle::~TimerHandle()
 .text.SysTick_Handler
                0x08004a34       0x10 ../../libDaisy//build\libdaisy.a(system.o)
                0x08004a34                SysTick_Handler
 .text.OTG_HS_EP1_OUT_IRQHandler
                0x08004a44       0x24 ../../libDaisy//build\libdaisy.a(system.o)
                0x08004a44                OTG_HS_EP1_OUT_IRQHandler
 .text.OTG_HS_EP1_IN_IRQHandler
                0x08004a68       0x24 ../../libDaisy//build\libdaisy.a(system.o)
                0x08004a68                OTG_HS_EP1_IN_IRQHandler
 .text.OTG_HS_IRQHandler
                0x08004a8c       0x24 ../../libDaisy//build\libdaisy.a(system.o)
                0x08004a8c                OTG_HS_IRQHandler
 .text.HardFault_Handler
                0x08004ab0       0xe0 ../../libDaisy//build\libdaisy.a(system.o)
                0x08004ab0                HardFault_Handler
 .text._ZN5daisy6System5DelayEm
                0x08004b90        0x4 ../../libDaisy//build\libdaisy.a(system.o)
                0x08004b90                daisy::System::Delay(unsigned long)
 .text._ZN5daisy6System7DelayUsEm
                0x08004b94        0xc ../../libDaisy//build\libdaisy.a(system.o)
                0x08004b94                daisy::System::DelayUs(unsigned long)
 .text._ZN5daisy6System15ConfigureClocksEv
                0x08004ba0      0x194 ../../libDaisy//build\libdaisy.a(system.o)
                0x08004ba0                daisy::System::ConfigureClocks()
 .text._ZN5daisy6System4InitERKNS0_6ConfigE
                0x08004d34      0x140 ../../libDaisy//build\libdaisy.a(system.o)
                0x08004d34                daisy::System::Init(daisy::System::Config const&)
 .text._ZN5daisy6System12GetPClk1FreqEv
                0x08004e74        0x4 ../../libDaisy//build\libdaisy.a(system.o)
                0x08004e74                daisy::System::GetPClk1Freq()
 .text._ZN5daisy6System22GetProgramMemoryRegionEv
                0x08004e78       0x78 ../../libDaisy//build\libdaisy.a(system.o)
                0x08004e78                daisy::System::GetProgramMemoryRegion()
 .text.startup._GLOBAL__sub_I_SysTick_Handler
                0x08004ef0       0x1c ../../libDaisy//build\libdaisy.a(system.o)
 .text.SystemInit
                0x08004f0c       0x9c ../../libDaisy//build\libdaisy.a(system_stm32h7xx.o)
                0x08004f0c                SystemInit
 .text.HAL_PCD_SetupStageCallback
                0x08004fa8        0xc ../../libDaisy//build\libdaisy.a(usbd_conf.o)
                0x08004fa8                HAL_PCD_SetupStageCallback
 .text.HAL_PCD_DataOutStageCallback
                0x08004fb4       0x14 ../../libDaisy//build\libdaisy.a(usbd_conf.o)
                0x08004fb4                HAL_PCD_DataOutStageCallback
 .text.HAL_PCD_DataInStageCallback
                0x08004fc8       0x14 ../../libDaisy//build\libdaisy.a(usbd_conf.o)
                0x08004fc8                HAL_PCD_DataInStageCallback
 .text.HAL_PCD_SOFCallback
                0x08004fdc        0x8 ../../libDaisy//build\libdaisy.a(usbd_conf.o)
                0x08004fdc                HAL_PCD_SOFCallback
 .text.HAL_PCD_ResetCallback
                0x08004fe4       0x24 ../../libDaisy//build\libdaisy.a(usbd_conf.o)
                0x08004fe4                HAL_PCD_ResetCallback
 .text.HAL_PCD_SuspendCallback
                0x08005008       0x30 ../../libDaisy//build\libdaisy.a(usbd_conf.o)
                0x08005008                HAL_PCD_SuspendCallback
 .text.HAL_PCD_ResumeCallback
                0x08005038        0x8 ../../libDaisy//build\libdaisy.a(usbd_conf.o)
                0x08005038                HAL_PCD_ResumeCallback
 .text.HAL_PCD_ISOOUTIncompleteCallback
                0x08005040        0x8 ../../libDaisy//build\libdaisy.a(usbd_conf.o)
                0x08005040                HAL_PCD_ISOOUTIncompleteCallback
 .text.HAL_PCD_ISOINIncompleteCallback
                0x08005048        0x8 ../../libDaisy//build\libdaisy.a(usbd_conf.o)
                0x08005048                HAL_PCD_ISOINIncompleteCallback
 .text.HAL_PCD_ConnectCallback
                0x08005050        0x8 ../../libDaisy//build\libdaisy.a(usbd_conf.o)
                0x08005050                HAL_PCD_ConnectCallback
 .text.HAL_PCD_DisconnectCallback
                0x08005058        0x8 ../../libDaisy//build\libdaisy.a(usbd_conf.o)
                0x08005058                HAL_PCD_DisconnectCallback
 .text.USBD_LL_OpenEP
                0x08005060       0x24 ../../libDaisy//build\libdaisy.a(usbd_conf.o)
                0x08005060                USBD_LL_OpenEP
 .text.USBD_LL_StallEP
                0x08005084       0x1c ../../libDaisy//build\libdaisy.a(usbd_conf.o)
                0x08005084                USBD_LL_StallEP
 .text.USBD_LL_ClearStallEP
                0x080050a0       0x1c ../../libDaisy//build\libdaisy.a(usbd_conf.o)
                0x080050a0                USBD_LL_ClearStallEP
 .text.USBD_LL_IsStallEP
                0x080050bc       0x28 ../../libDaisy//build\libdaisy.a(usbd_conf.o)
                0x080050bc                USBD_LL_IsStallEP
 .text.USBD_LL_SetUSBAddress
                0x080050e4       0x1c ../../libDaisy//build\libdaisy.a(usbd_conf.o)
                0x080050e4                USBD_LL_SetUSBAddress
 .text.USBD_LL_Transmit
                0x08005100       0x1c ../../libDaisy//build\libdaisy.a(usbd_conf.o)
                0x08005100                USBD_LL_Transmit
 .text.USBD_LL_PrepareReceive
                0x0800511c       0x1c ../../libDaisy//build\libdaisy.a(usbd_conf.o)
                0x0800511c                USBD_LL_PrepareReceive
 .text.HAL_HCD_SOF_Callback
                0x08005138        0x8 ../../libDaisy//build\libdaisy.a(usbh_conf.o)
                0x08005138                HAL_HCD_SOF_Callback
 .text.HAL_HCD_Connect_Callback
                0x08005140        0x8 ../../libDaisy//build\libdaisy.a(usbh_conf.o)
                0x08005140                HAL_HCD_Connect_Callback
 .text.HAL_HCD_Disconnect_Callback
                0x08005148        0x8 ../../libDaisy//build\libdaisy.a(usbh_conf.o)
                0x08005148                HAL_HCD_Disconnect_Callback
 .text.HAL_HCD_HC_NotifyURBChange_Callback
                0x08005150        0x4 ../../libDaisy//build\libdaisy.a(usbh_conf.o)
                0x08005150                HAL_HCD_HC_NotifyURBChange_Callback
 .text.HAL_HCD_PortEnabled_Callback
                0x08005154        0x8 ../../libDaisy//build\libdaisy.a(usbh_conf.o)
                0x08005154                HAL_HCD_PortEnabled_Callback
 .text.HAL_HCD_PortDisabled_Callback
                0x0800515c        0x8 ../../libDaisy//build\libdaisy.a(usbh_conf.o)
                0x0800515c                HAL_HCD_PortDisabled_Callback
 .text.USBH_LL_Stop
                0x08005164       0x1c ../../libDaisy//build\libdaisy.a(usbh_conf.o)
                0x08005164                USBH_LL_Stop
 .text.dsy_hal_map_get_port
                0x08005180       0x10 ../../libDaisy//build\libdaisy.a(hal_map.o)
                0x08005180                dsy_hal_map_get_port
 .text.dsy_hal_map_get_pin
                0x08005190       0x10 ../../libDaisy//build\libdaisy.a(hal_map.o)
                0x08005190                dsy_hal_map_get_pin
 .text.dsy_hal_map_gpio_clk_enable
                0x080051a0      0x150 ../../libDaisy//build\libdaisy.a(hal_map.o)
                0x080051a0                dsy_hal_map_gpio_clk_enable
 .text.HAL_MspInit
                0x080052f0        0x4 ../../libDaisy//build\libdaisy.a(stm32h7xx_hal.o)
                0x080052f0                HAL_MspInit
 .text.HAL_InitTick
                0x080052f4       0x4c ../../libDaisy//build\libdaisy.a(stm32h7xx_hal.o)
                0x080052f4                HAL_InitTick
 .text.HAL_Init
                0x08005340       0x60 ../../libDaisy//build\libdaisy.a(stm32h7xx_hal.o)
                0x08005340                HAL_Init
 .text.HAL_IncTick
                0x080053a0       0x18 ../../libDaisy//build\libdaisy.a(stm32h7xx_hal.o)
                0x080053a0                HAL_IncTick
 .text.HAL_GetTick
                0x080053b8        0xc ../../libDaisy//build\libdaisy.a(stm32h7xx_hal.o)
                0x080053b8                HAL_GetTick
 .text.HAL_Delay
                0x080053c4       0x24 ../../libDaisy//build\libdaisy.a(stm32h7xx_hal.o)
                0x080053c4                HAL_Delay
 .text.HAL_GetREVID
                0x080053e8        0xc ../../libDaisy//build\libdaisy.a(stm32h7xx_hal.o)
                0x080053e8                HAL_GetREVID
 .text.HAL_NVIC_SetPriorityGrouping
                0x080053f4       0x24 ../../libDaisy//build\libdaisy.a(stm32h7xx_hal_cortex.o)
                0x080053f4                HAL_NVIC_SetPriorityGrouping
 .text.HAL_NVIC_SetPriority
                0x08005418       0x7c ../../libDaisy//build\libdaisy.a(stm32h7xx_hal_cortex.o)
                0x08005418                HAL_NVIC_SetPriority
 .text.HAL_NVIC_EnableIRQ
                0x08005494       0x1c ../../libDaisy//build\libdaisy.a(stm32h7xx_hal_cortex.o)
                0x08005494                HAL_NVIC_EnableIRQ
 .text.HAL_NVIC_DisableIRQ
                0x080054b0       0x28 ../../libDaisy//build\libdaisy.a(stm32h7xx_hal_cortex.o)
                0x080054b0                HAL_NVIC_DisableIRQ
 .text.HAL_SYSTICK_Config
                0x080054d8       0x2c ../../libDaisy//build\libdaisy.a(stm32h7xx_hal_cortex.o)
                0x080054d8                HAL_SYSTICK_Config
 .text.HAL_MPU_Disable
                0x08005504       0x1c ../../libDaisy//build\libdaisy.a(stm32h7xx_hal_cortex.o)
                0x08005504                HAL_MPU_Disable
 .text.HAL_MPU_Enable
                0x08005520       0x20 ../../libDaisy//build\libdaisy.a(stm32h7xx_hal_cortex.o)
                0x08005520                HAL_MPU_Enable
 .text.HAL_MPU_ConfigRegion
                0x08005540       0x64 ../../libDaisy//build\libdaisy.a(stm32h7xx_hal_cortex.o)
                0x08005540                HAL_MPU_ConfigRegion
 .text.HAL_SYSTICK_Callback
                0x080055a4        0x4 ../../libDaisy//build\libdaisy.a(stm32h7xx_hal_cortex.o)
                0x080055a4                HAL_SYSTICK_Callback
 .text.HAL_SYSTICK_IRQHandler
                0x080055a8        0x8 ../../libDaisy//build\libdaisy.a(stm32h7xx_hal_cortex.o)
                0x080055a8                HAL_SYSTICK_IRQHandler
 .text.DMA_CalcBaseAndBitshift
                0x080055b0       0xf4 ../../libDaisy//build\libdaisy.a(stm32h7xx_hal_dma.o)
 .text.DMA_CalcDMAMUXChannelBaseAndMask
                0x080056a4       0xd8 ../../libDaisy//build\libdaisy.a(stm32h7xx_hal_dma.o)
 .text.HAL_DMA_Init
                0x0800577c      0x37c ../../libDaisy//build\libdaisy.a(stm32h7xx_hal_dma.o)
                0x0800577c                HAL_DMA_Init
 .text.HAL_DMA_Start_IT
                0x08005af8      0x240 ../../libDaisy//build\libdaisy.a(stm32h7xx_hal_dma.o)
                0x08005af8                HAL_DMA_Start_IT
 .text.HAL_DMA_Abort_IT
                0x08005d38      0x134 ../../libDaisy//build\libdaisy.a(stm32h7xx_hal_dma.o)
                0x08005d38                HAL_DMA_Abort_IT
 .text.HAL_DMA_IRQHandler
                0x08005e6c      0x6a0 ../../libDaisy//build\libdaisy.a(stm32h7xx_hal_dma.o)
                0x08005e6c                HAL_DMA_IRQHandler
 .text.HAL_DMA_GetError
                0x0800650c        0x4 ../../libDaisy//build\libdaisy.a(stm32h7xx_hal_dma.o)
                0x0800650c                HAL_DMA_GetError
 .text.HAL_GPIO_Init
                0x08006510      0x280 ../../libDaisy//build\libdaisy.a(stm32h7xx_hal_gpio.o)
                0x08006510                HAL_GPIO_Init
 .text.HAL_GPIO_DeInit
                0x08006790      0x190 ../../libDaisy//build\libdaisy.a(stm32h7xx_hal_gpio.o)
                0x08006790                HAL_GPIO_DeInit
 .text.HAL_GPIO_ReadPin
                0x08006920        0xc ../../libDaisy//build\libdaisy.a(stm32h7xx_hal_gpio.o)
                0x08006920                HAL_GPIO_ReadPin
 .text.HAL_GPIO_WritePin
                0x0800692c        0x8 ../../libDaisy//build\libdaisy.a(stm32h7xx_hal_gpio.o)
                0x0800692c                HAL_GPIO_WritePin
 .text.HAL_HCD_IRQHandler
                0x08006934      0x780 ../../libDaisy//build\libdaisy.a(stm32h7xx_hal_hcd.o)
                0x08006934                HAL_HCD_IRQHandler
 .text.HAL_HCD_Stop
                0x080070b4       0x28 ../../libDaisy//build\libdaisy.a(stm32h7xx_hal_hcd.o)
                0x080070b4                HAL_HCD_Stop
 .text.I2C_WaitOnTXISFlagUntilTimeout
                0x080070dc       0xb8 ../../libDaisy//build\libdaisy.a(stm32h7xx_hal_i2c.o)
 .text.I2C_WaitOnSTOPFlagUntilTimeout
                0x08007194       0xac ../../libDaisy//build\libdaisy.a(stm32h7xx_hal_i2c.o)
 .text.HAL_I2C_Init
                0x08007240       0xac ../../libDaisy//build\libdaisy.a(stm32h7xx_hal_i2c.o)
                0x08007240                HAL_I2C_Init
 .text.HAL_I2C_Master_Transmit
                0x080072ec      0x1a8 ../../libDaisy//build\libdaisy.a(stm32h7xx_hal_i2c.o)
                0x080072ec                HAL_I2C_Master_Transmit
 .text.HAL_I2C_Slave_Transmit
                0x08007494      0x1c8 ../../libDaisy//build\libdaisy.a(stm32h7xx_hal_i2c.o)
                0x08007494                HAL_I2C_Slave_Transmit
 .text.HAL_I2C_EV_IRQHandler
                0x0800765c       0x10 ../../libDaisy//build\libdaisy.a(stm32h7xx_hal_i2c.o)
                0x0800765c                HAL_I2C_EV_IRQHandler
 .text.HAL_I2C_GetState
                0x0800766c        0x8 ../../libDaisy//build\libdaisy.a(stm32h7xx_hal_i2c.o)
                0x0800766c                HAL_I2C_GetState
 .text.HAL_I2CEx_ConfigAnalogFilter
                0x08007674       0x54 ../../libDaisy//build\libdaisy.a(stm32h7xx_hal_i2c_ex.o)
                0x08007674                HAL_I2CEx_ConfigAnalogFilter
 .text.HAL_I2CEx_ConfigDigitalFilter
                0x080076c8       0x58 ../../libDaisy//build\libdaisy.a(stm32h7xx_hal_i2c_ex.o)
                0x080076c8                HAL_I2CEx_ConfigDigitalFilter
 .text.HAL_PCD_IRQHandler
                0x08007720      0x69c ../../libDaisy//build\libdaisy.a(stm32h7xx_hal_pcd.o)
                0x08007720                HAL_PCD_IRQHandler
 .text.HAL_PCD_SetAddress
                0x08007dbc       0x2c ../../libDaisy//build\libdaisy.a(stm32h7xx_hal_pcd.o)
                0x08007dbc                HAL_PCD_SetAddress
 .text.HAL_PCD_EP_Open
                0x08007de8       0x7c ../../libDaisy//build\libdaisy.a(stm32h7xx_hal_pcd.o)
                0x08007de8                HAL_PCD_EP_Open
 .text.HAL_PCD_EP_Receive
                0x08007e64       0x50 ../../libDaisy//build\libdaisy.a(stm32h7xx_hal_pcd.o)
                0x08007e64                HAL_PCD_EP_Receive
 .text.HAL_PCD_EP_Transmit
                0x08007eb4       0x50 ../../libDaisy//build\libdaisy.a(stm32h7xx_hal_pcd.o)
                0x08007eb4                HAL_PCD_EP_Transmit
 .text.HAL_PCD_EP_SetStall
                0x08007f04       0x88 ../../libDaisy//build\libdaisy.a(stm32h7xx_hal_pcd.o)
                0x08007f04                HAL_PCD_EP_SetStall
 .text.HAL_PCD_EP_ClrStall
                0x08007f8c       0x78 ../../libDaisy//build\libdaisy.a(stm32h7xx_hal_pcd.o)
                0x08007f8c                HAL_PCD_EP_ClrStall
 .text.HAL_PCDEx_LPM_Callback
                0x08008004        0x4 ../../libDaisy//build\libdaisy.a(stm32h7xx_hal_pcd_ex.o)
                0x08008004                HAL_PCDEx_LPM_Callback
 .text.HAL_PWREx_ConfigSupply
                0x08008008       0x4c ../../libDaisy//build\libdaisy.a(stm32h7xx_hal_pwr_ex.o)
                0x08008008                HAL_PWREx_ConfigSupply
 .text.HAL_PWREx_EnableUSBVoltageDetector
                0x08008054       0x10 ../../libDaisy//build\libdaisy.a(stm32h7xx_hal_pwr_ex.o)
                0x08008054                HAL_PWREx_EnableUSBVoltageDetector
 .text.QSPI_Config
                0x08008064      0x174 ../../libDaisy//build\libdaisy.a(stm32h7xx_hal_qspi.o)
 .text.HAL_QSPI_Init
                0x080081d8       0xd8 ../../libDaisy//build\libdaisy.a(stm32h7xx_hal_qspi.o)
                0x080081d8                HAL_QSPI_Init
 .text.HAL_QSPI_DeInit
                0x080082b0       0x3c ../../libDaisy//build\libdaisy.a(stm32h7xx_hal_qspi.o)
                0x080082b0                HAL_QSPI_DeInit
 .text.HAL_QSPI_Command
                0x080082ec       0xd4 ../../libDaisy//build\libdaisy.a(stm32h7xx_hal_qspi.o)
                0x080082ec                HAL_QSPI_Command
 .text.HAL_QSPI_Transmit
                0x080083c0       0xfc ../../libDaisy//build\libdaisy.a(stm32h7xx_hal_qspi.o)
                0x080083c0                HAL_QSPI_Transmit
 .text.HAL_QSPI_Receive
                0x080084bc      0x108 ../../libDaisy//build\libdaisy.a(stm32h7xx_hal_qspi.o)
                0x080084bc                HAL_QSPI_Receive
 .text.HAL_QSPI_AutoPolling
                0x080085c4       0xf0 ../../libDaisy//build\libdaisy.a(stm32h7xx_hal_qspi.o)
                0x080085c4                HAL_QSPI_AutoPolling
 .text.HAL_QSPI_MemoryMapped
                0x080086b4       0xc0 ../../libDaisy//build\libdaisy.a(stm32h7xx_hal_qspi.o)
                0x080086b4                HAL_QSPI_MemoryMapped
 .text.HAL_QSPI_ErrorCallback
                0x08008774        0x4 ../../libDaisy//build\libdaisy.a(stm32h7xx_hal_qspi.o)
                0x08008774                HAL_QSPI_ErrorCallback
 .text.QSPI_DMAAbortCplt
                0x08008778       0x38 ../../libDaisy//build\libdaisy.a(stm32h7xx_hal_qspi.o)
 .text.HAL_QSPI_AbortCpltCallback
                0x080087b0        0x4 ../../libDaisy//build\libdaisy.a(stm32h7xx_hal_qspi.o)
                0x080087b0                HAL_QSPI_AbortCpltCallback
 .text.HAL_QSPI_CmdCpltCallback
                0x080087b4        0x4 ../../libDaisy//build\libdaisy.a(stm32h7xx_hal_qspi.o)
                0x080087b4                HAL_QSPI_CmdCpltCallback
 .text.HAL_QSPI_RxCpltCallback
                0x080087b8        0x4 ../../libDaisy//build\libdaisy.a(stm32h7xx_hal_qspi.o)
                0x080087b8                HAL_QSPI_RxCpltCallback
 .text.HAL_QSPI_TxCpltCallback
                0x080087bc        0x4 ../../libDaisy//build\libdaisy.a(stm32h7xx_hal_qspi.o)
                0x080087bc                HAL_QSPI_TxCpltCallback
 .text.HAL_QSPI_FifoThresholdCallback
                0x080087c0        0x4 ../../libDaisy//build\libdaisy.a(stm32h7xx_hal_qspi.o)
                0x080087c0                HAL_QSPI_FifoThresholdCallback
 .text.HAL_QSPI_StatusMatchCallback
                0x080087c4        0x4 ../../libDaisy//build\libdaisy.a(stm32h7xx_hal_qspi.o)
                0x080087c4                HAL_QSPI_StatusMatchCallback
 .text.HAL_QSPI_TimeOutCallback
                0x080087c8        0x4 ../../libDaisy//build\libdaisy.a(stm32h7xx_hal_qspi.o)
                0x080087c8                HAL_QSPI_TimeOutCallback
 .text.HAL_QSPI_IRQHandler
                0x080087cc      0x210 ../../libDaisy//build\libdaisy.a(stm32h7xx_hal_qspi.o)
                0x080087cc                HAL_QSPI_IRQHandler
 .text.HAL_RCC_OscConfig
                0x080089dc      0x51c ../../libDaisy//build\libdaisy.a(stm32h7xx_hal_rcc.o)
                0x080089dc                HAL_RCC_OscConfig
 .text.HAL_RCC_GetSysClockFreq
                0x08008ef8      0x140 ../../libDaisy//build\libdaisy.a(stm32h7xx_hal_rcc.o)
                0x08008ef8                HAL_RCC_GetSysClockFreq
 .text.HAL_RCC_ClockConfig
                0x08009038      0x234 ../../libDaisy//build\libdaisy.a(stm32h7xx_hal_rcc.o)
                0x08009038                HAL_RCC_ClockConfig
 .text.HAL_RCC_GetHCLKFreq
                0x0800926c       0x2c ../../libDaisy//build\libdaisy.a(stm32h7xx_hal_rcc.o)
                0x0800926c                HAL_RCC_GetHCLKFreq
 .text.HAL_RCC_GetPCLK1Freq
                0x08009298       0x38 ../../libDaisy//build\libdaisy.a(stm32h7xx_hal_rcc.o)
                0x08009298                HAL_RCC_GetPCLK1Freq
 .text.HAL_RCC_GetPCLK2Freq
                0x080092d0       0x38 ../../libDaisy//build\libdaisy.a(stm32h7xx_hal_rcc.o)
                0x080092d0                HAL_RCC_GetPCLK2Freq
 .text.RCCEx_PLL2_Config
                0x08009308       0xf4 ../../libDaisy//build\libdaisy.a(stm32h7xx_hal_rcc_ex.o)
 .text.RCCEx_PLL3_Config
                0x080093fc       0xf4 ../../libDaisy//build\libdaisy.a(stm32h7xx_hal_rcc_ex.o)
 .text.HAL_RCCEx_PeriphCLKConfig
                0x080094f0      0xa7c ../../libDaisy//build\libdaisy.a(stm32h7xx_hal_rcc_ex.o)
                0x080094f0                HAL_RCCEx_PeriphCLKConfig
 .text.HAL_RCCEx_GetD3PCLK1Freq
                0x08009f6c       0x24 ../../libDaisy//build\libdaisy.a(stm32h7xx_hal_rcc_ex.o)
                0x08009f6c                HAL_RCCEx_GetD3PCLK1Freq
 .text.HAL_RCCEx_GetPLL2ClockFreq
                0x08009f90      0x17c ../../libDaisy//build\libdaisy.a(stm32h7xx_hal_rcc_ex.o)
                0x08009f90                HAL_RCCEx_GetPLL2ClockFreq
 .text.HAL_RCCEx_GetPLL3ClockFreq
                0x0800a10c      0x17c ../../libDaisy//build\libdaisy.a(stm32h7xx_hal_rcc_ex.o)
                0x0800a10c                HAL_RCCEx_GetPLL3ClockFreq
 .text.HAL_RCCEx_GetPLL1ClockFreq
                0x0800a288      0x17c ../../libDaisy//build\libdaisy.a(stm32h7xx_hal_rcc_ex.o)
                0x0800a288                HAL_RCCEx_GetPLL1ClockFreq
 .text.HAL_RCCEx_GetPeriphCLKFreq
                0x0800a404      0x198 ../../libDaisy//build\libdaisy.a(stm32h7xx_hal_rcc_ex.o)
                0x0800a404                HAL_RCCEx_GetPeriphCLKFreq
 .text.HAL_RCCEx_GetD1SysClockFreq
                0x0800a59c       0x2c ../../libDaisy//build\libdaisy.a(stm32h7xx_hal_rcc_ex.o)
                0x0800a59c                HAL_RCCEx_GetD1SysClockFreq
 .text.HAL_SAI_Init.part.0
                0x0800a5c8      0x348 ../../libDaisy//build\libdaisy.a(stm32h7xx_hal_sai.o)
 .text.HAL_SAI_InitProtocol
                0x0800a910      0x178 ../../libDaisy//build\libdaisy.a(stm32h7xx_hal_sai.o)
                0x0800a910                HAL_SAI_InitProtocol
 .text.HAL_SDRAM_Init
                0x0800aa88       0x54 ../../libDaisy//build\libdaisy.a(stm32h7xx_hal_sdram.o)
                0x0800aa88                HAL_SDRAM_Init
 .text.HAL_SDRAM_SendCommand
                0x0800aadc       0x40 ../../libDaisy//build\libdaisy.a(stm32h7xx_hal_sdram.o)
                0x0800aadc                HAL_SDRAM_SendCommand
 .text.HAL_SDRAM_ProgramRefreshRate
                0x0800ab1c       0x30 ../../libDaisy//build\libdaisy.a(stm32h7xx_hal_sdram.o)
                0x0800ab1c                HAL_SDRAM_ProgramRefreshRate
 .text.SPI_CloseTransfer
                0x0800ab4c       0xb8 ../../libDaisy//build\libdaisy.a(stm32h7xx_hal_spi.o)
 .text.HAL_SPI_Init
                0x0800ac04      0x15c ../../libDaisy//build\libdaisy.a(stm32h7xx_hal_spi.o)
                0x0800ac04                HAL_SPI_Init
 .text.HAL_SPI_Transmit
                0x0800ad60      0x314 ../../libDaisy//build\libdaisy.a(stm32h7xx_hal_spi.o)
                0x0800ad60                HAL_SPI_Transmit
 .text.HAL_SPI_Transmit_DMA
                0x0800b074      0x170 ../../libDaisy//build\libdaisy.a(stm32h7xx_hal_spi.o)
                0x0800b074                HAL_SPI_Transmit_DMA
 .text.HAL_SPI_TransmitReceive_DMA
                0x0800b1e4      0x218 ../../libDaisy//build\libdaisy.a(stm32h7xx_hal_spi.o)
                0x0800b1e4                HAL_SPI_TransmitReceive_DMA
 .text.HAL_SPI_Receive_DMA
                0x0800b3fc      0x1b4 ../../libDaisy//build\libdaisy.a(stm32h7xx_hal_spi.o)
                0x0800b3fc                HAL_SPI_Receive_DMA
 .text.SPI_DMATransmitCplt
                0x0800b5b0       0x28 ../../libDaisy//build\libdaisy.a(stm32h7xx_hal_spi.o)
 .text.SPI_DMAReceiveCplt
                0x0800b5d8       0x28 ../../libDaisy//build\libdaisy.a(stm32h7xx_hal_spi.o)
 .text.SPI_DMATransmitReceiveCplt
                0x0800b600       0x28 ../../libDaisy//build\libdaisy.a(stm32h7xx_hal_spi.o)
 .text.HAL_SPI_TxHalfCpltCallback
                0x0800b628        0x4 ../../libDaisy//build\libdaisy.a(stm32h7xx_hal_spi.o)
                0x0800b628                HAL_SPI_TxHalfCpltCallback
 .text.SPI_DMAHalfTransmitCplt
                0x0800b62c        0xc ../../libDaisy//build\libdaisy.a(stm32h7xx_hal_spi.o)
 .text.HAL_SPI_RxHalfCpltCallback
                0x0800b638        0x4 ../../libDaisy//build\libdaisy.a(stm32h7xx_hal_spi.o)
                0x0800b638                HAL_SPI_RxHalfCpltCallback
 .text.SPI_DMAHalfReceiveCplt
                0x0800b63c        0xc ../../libDaisy//build\libdaisy.a(stm32h7xx_hal_spi.o)
 .text.HAL_SPI_TxRxHalfCpltCallback
                0x0800b648        0x4 ../../libDaisy//build\libdaisy.a(stm32h7xx_hal_spi.o)
                0x0800b648                HAL_SPI_TxRxHalfCpltCallback
 .text.SPI_DMAHalfTransmitReceiveCplt
                0x0800b64c        0xc ../../libDaisy//build\libdaisy.a(stm32h7xx_hal_spi.o)
 .text.SPI_DMAError
                0x0800b658       0xd8 ../../libDaisy//build\libdaisy.a(stm32h7xx_hal_spi.o)
 .text.HAL_SPI_IRQHandler
                0x0800b730      0x23c ../../libDaisy//build\libdaisy.a(stm32h7xx_hal_spi.o)
                0x0800b730                HAL_SPI_IRQHandler
 .text.SPI_DMAAbortOnError
                0x0800b96c       0x1c ../../libDaisy//build\libdaisy.a(stm32h7xx_hal_spi.o)
 .text.HAL_SPI_GetState
                0x0800b988        0x8 ../../libDaisy//build\libdaisy.a(stm32h7xx_hal_spi.o)
                0x0800b988                HAL_SPI_GetState
 .text.FMC_SDRAM_Init
                0x0800b990       0x7c ../../libDaisy//build\libdaisy.a(stm32h7xx_ll_fmc.o)
                0x0800b990                FMC_SDRAM_Init
 .text.FMC_SDRAM_Timing_Init
                0x0800ba0c       0x98 ../../libDaisy//build\libdaisy.a(stm32h7xx_ll_fmc.o)
                0x0800ba0c                FMC_SDRAM_Timing_Init
 .text.FMC_SDRAM_SendCommand
                0x0800baa4       0x28 ../../libDaisy//build\libdaisy.a(stm32h7xx_ll_fmc.o)
                0x0800baa4                FMC_SDRAM_SendCommand
 .text.FMC_SDRAM_ProgramRefreshRate
                0x0800bacc       0x1c ../../libDaisy//build\libdaisy.a(stm32h7xx_ll_fmc.o)
                0x0800bacc                FMC_SDRAM_ProgramRefreshRate
 .text.USB_SetTurnaroundTime
                0x0800bae8      0x104 ../../libDaisy//build\libdaisy.a(stm32h7xx_ll_usb.o)
                0x0800bae8                USB_SetTurnaroundTime
 .text.USB_FlushTxFifo
                0x0800bbec       0x34 ../../libDaisy//build\libdaisy.a(stm32h7xx_ll_usb.o)
                0x0800bbec                USB_FlushTxFifo
 .text.USB_GetDevSpeed
                0x0800bc20       0x24 ../../libDaisy//build\libdaisy.a(stm32h7xx_ll_usb.o)
                0x0800bc20                USB_GetDevSpeed
 .text.USB_ActivateEndpoint
                0x0800bc44       0x90 ../../libDaisy//build\libdaisy.a(stm32h7xx_ll_usb.o)
                0x0800bc44                USB_ActivateEndpoint
 .text.USB_EPStartXfer
                0x0800bcd4      0x230 ../../libDaisy//build\libdaisy.a(stm32h7xx_ll_usb.o)
                0x0800bcd4                USB_EPStartXfer
 .text.USB_EP0StartXfer
                0x0800bf04      0x174 ../../libDaisy//build\libdaisy.a(stm32h7xx_ll_usb.o)
                0x0800bf04                USB_EP0StartXfer
 .text.USB_WritePacket
                0x0800c078       0x2c ../../libDaisy//build\libdaisy.a(stm32h7xx_ll_usb.o)
                0x0800c078                USB_WritePacket
 .text.USB_ReadPacket
                0x0800c0a4       0x20 ../../libDaisy//build\libdaisy.a(stm32h7xx_ll_usb.o)
                0x0800c0a4                USB_ReadPacket
 .text.USB_EPSetStall
                0x0800c0c4       0x68 ../../libDaisy//build\libdaisy.a(stm32h7xx_ll_usb.o)
                0x0800c0c4                USB_EPSetStall
 .text.USB_EPClearStall
                0x0800c12c       0x58 ../../libDaisy//build\libdaisy.a(stm32h7xx_ll_usb.o)
                0x0800c12c                USB_EPClearStall
 .text.USB_SetDevAddress
                0x0800c184       0x24 ../../libDaisy//build\libdaisy.a(stm32h7xx_ll_usb.o)
                0x0800c184                USB_SetDevAddress
 .text.USB_ReadInterrupts
                0x0800c1a8       0x14 ../../libDaisy//build\libdaisy.a(stm32h7xx_ll_usb.o)
                0x0800c1a8                USB_ReadInterrupts
 .text.USB_ReadDevAllOutEpInterrupt
                0x0800c1bc       0x1c ../../libDaisy//build\libdaisy.a(stm32h7xx_ll_usb.o)
                0x0800c1bc                USB_ReadDevAllOutEpInterrupt
 .text.USB_ReadDevAllInEpInterrupt
                0x0800c1d8       0x1c ../../libDaisy//build\libdaisy.a(stm32h7xx_ll_usb.o)
                0x0800c1d8                USB_ReadDevAllInEpInterrupt
 .text.USB_ReadDevOutEPInterrupt
                0x0800c1f4       0x1c ../../libDaisy//build\libdaisy.a(stm32h7xx_ll_usb.o)
                0x0800c1f4                USB_ReadDevOutEPInterrupt
 .text.USB_ReadDevInEPInterrupt
                0x0800c210       0x38 ../../libDaisy//build\libdaisy.a(stm32h7xx_ll_usb.o)
                0x0800c210                USB_ReadDevInEPInterrupt
 .text.USB_GetMode
                0x0800c248        0x8 ../../libDaisy//build\libdaisy.a(stm32h7xx_ll_usb.o)
                0x0800c248                USB_GetMode
 .text.USB_ActivateSetup
                0x0800c250       0x38 ../../libDaisy//build\libdaisy.a(stm32h7xx_ll_usb.o)
                0x0800c250                USB_ActivateSetup
 .text.USB_EP0_OutStart
                0x0800c288       0x58 ../../libDaisy//build\libdaisy.a(stm32h7xx_ll_usb.o)
                0x0800c288                USB_EP0_OutStart
 .text.USB_InitFSLSPClkSel
                0x0800c2e0       0x44 ../../libDaisy//build\libdaisy.a(stm32h7xx_ll_usb.o)
                0x0800c2e0                USB_InitFSLSPClkSel
 .text.USB_HC_ReadInterrupt
                0x0800c324        0x8 ../../libDaisy//build\libdaisy.a(stm32h7xx_ll_usb.o)
                0x0800c324                USB_HC_ReadInterrupt
 .text.USB_HC_Halt
                0x0800c32c       0xc0 ../../libDaisy//build\libdaisy.a(stm32h7xx_ll_usb.o)
                0x0800c32c                USB_HC_Halt
 .text.USB_StopHost
                0x0800c3ec      0x2ec ../../libDaisy//build\libdaisy.a(stm32h7xx_ll_usb.o)
                0x0800c3ec                USB_StopHost
 .text.USBD_SetClassConfig
                0x0800c6d8       0x14 ../../libDaisy//build\libdaisy.a(usbd_core.o)
                0x0800c6d8                USBD_SetClassConfig
 .text.USBD_ClrClassConfig
                0x0800c6ec       0x10 ../../libDaisy//build\libdaisy.a(usbd_core.o)
                0x0800c6ec                USBD_ClrClassConfig
 .text.USBD_LL_SetupStage
                0x0800c6fc       0x5c ../../libDaisy//build\libdaisy.a(usbd_core.o)
                0x0800c6fc                USBD_LL_SetupStage
 .text.USBD_LL_DataOutStage
                0x0800c758       0x7c ../../libDaisy//build\libdaisy.a(usbd_core.o)
                0x0800c758                USBD_LL_DataOutStage
 .text.USBD_LL_DataInStage
                0x0800c7d4       0xcc ../../libDaisy//build\libdaisy.a(usbd_core.o)
                0x0800c7d4                USBD_LL_DataInStage
 .text.USBD_LL_Reset
                0x0800c8a0       0x50 ../../libDaisy//build\libdaisy.a(usbd_core.o)
                0x0800c8a0                USBD_LL_Reset
 .text.USBD_LL_SetSpeed
                0x0800c8f0        0x8 ../../libDaisy//build\libdaisy.a(usbd_core.o)
                0x0800c8f0                USBD_LL_SetSpeed
 .text.USBD_LL_Suspend
                0x0800c8f8       0x14 ../../libDaisy//build\libdaisy.a(usbd_core.o)
                0x0800c8f8                USBD_LL_Suspend
 .text.USBD_LL_Resume
                0x0800c90c       0x10 ../../libDaisy//build\libdaisy.a(usbd_core.o)
                0x0800c90c                USBD_LL_Resume
 .text.USBD_LL_SOF
                0x0800c91c       0x1c ../../libDaisy//build\libdaisy.a(usbd_core.o)
                0x0800c91c                USBD_LL_SOF
 .text.USBD_LL_IsoINIncomplete
                0x0800c938        0x4 ../../libDaisy//build\libdaisy.a(usbd_core.o)
                0x0800c938                USBD_LL_IsoINIncomplete
 .text.USBD_LL_IsoOUTIncomplete
                0x0800c93c        0x4 ../../libDaisy//build\libdaisy.a(usbd_core.o)
                0x0800c93c                USBD_LL_IsoOUTIncomplete
 .text.USBD_LL_DevConnected
                0x0800c940        0x4 ../../libDaisy//build\libdaisy.a(usbd_core.o)
                0x0800c940                USBD_LL_DevConnected
 .text.USBD_LL_DevDisconnected
                0x0800c944       0x18 ../../libDaisy//build\libdaisy.a(usbd_core.o)
                0x0800c944                USBD_LL_DevDisconnected
 .text.USBD_StdDevReq
                0x0800c95c      0x304 ../../libDaisy//build\libdaisy.a(usbd_ctlreq.o)
                0x0800c95c                USBD_StdDevReq
 .text.USBD_StdItfReq
                0x0800cc60       0x68 ../../libDaisy//build\libdaisy.a(usbd_ctlreq.o)
                0x0800cc60                USBD_StdItfReq
 .text.USBD_StdEPReq
                0x0800ccc8      0x13c ../../libDaisy//build\libdaisy.a(usbd_ctlreq.o)
                0x0800ccc8                USBD_StdEPReq
 .text.USBD_ParseSetupRequest
                0x0800ce04       0x28 ../../libDaisy//build\libdaisy.a(usbd_ctlreq.o)
                0x0800ce04                USBD_ParseSetupRequest
 .text.USBD_CtlSendData
                0x0800ce2c       0x1c ../../libDaisy//build\libdaisy.a(usbd_ioreq.o)
                0x0800ce2c                USBD_CtlSendData
 .text.USBD_CtlContinueSendData
                0x0800ce48       0x14 ../../libDaisy//build\libdaisy.a(usbd_ioreq.o)
                0x0800ce48                USBD_CtlContinueSendData
 .text.USBD_CtlContinueRx
                0x0800ce5c       0x14 ../../libDaisy//build\libdaisy.a(usbd_ioreq.o)
                0x0800ce5c                USBD_CtlContinueRx
 .text.USBD_CtlSendStatus
                0x0800ce70       0x18 ../../libDaisy//build\libdaisy.a(usbd_ioreq.o)
                0x0800ce70                USBD_CtlSendStatus
 .text.USBD_CtlReceiveStatus
                0x0800ce88       0x18 ../../libDaisy//build\libdaisy.a(usbd_ioreq.o)
                0x0800ce88                USBD_CtlReceiveStatus
 .text.USBH_LL_IncTimer
                0x0800cea0       0x20 ../../libDaisy//build\libdaisy.a(usbh_core.o)
                0x0800cea0                USBH_LL_IncTimer
 .text.USBH_LL_PortEnabled
                0x0800cec0        0x8 ../../libDaisy//build\libdaisy.a(usbh_core.o)
                0x0800cec0                USBH_LL_PortEnabled
 .text.USBH_LL_PortDisabled
                0x0800cec8        0x8 ../../libDaisy//build\libdaisy.a(usbh_core.o)
                0x0800cec8                USBH_LL_PortDisabled
 .text.USBH_LL_Connect
                0x0800ced0       0x18 ../../libDaisy//build\libdaisy.a(usbh_core.o)
                0x0800ced0                USBH_LL_Connect
 .text.USBH_LL_Disconnect
                0x0800cee8       0x2c ../../libDaisy//build\libdaisy.a(usbh_core.o)
                0x0800cee8                USBH_LL_Disconnect
 .text.USBH_FreePipe
                0x0800cf14       0x18 ../../libDaisy//build\libdaisy.a(usbh_pipes.o)
                0x0800cf14                USBH_FreePipe
 .text._ZN5daisy6Random4InitEv
                0x0800cf2c       0x3c ../../libDaisy//build\libdaisy.a(rng.o)
                0x0800cf2c                daisy::Random::Init()
 .text.HAL_TIM_Base_MspInit
                0x0800cf68      0x1e0 ../../libDaisy//build\libdaisy.a(tim.o)
                0x0800cf68                HAL_TIM_Base_MspInit
 .text.HAL_TIM_PeriodElapsedCallback
                0x0800d148       0x44 ../../libDaisy//build\libdaisy.a(tim.o)
                0x0800d148                HAL_TIM_PeriodElapsedCallback
 .text.TIM2_IRQHandler
                0x0800d18c        0xc ../../libDaisy//build\libdaisy.a(tim.o)
                0x0800d18c                TIM2_IRQHandler
 .text.TIM3_IRQHandler
                0x0800d198        0xc ../../libDaisy//build\libdaisy.a(tim.o)
                0x0800d198                TIM3_IRQHandler
 .text.TIM4_IRQHandler
                0x0800d1a4        0xc ../../libDaisy//build\libdaisy.a(tim.o)
                0x0800d1a4                TIM4_IRQHandler
 .text.TIM5_IRQHandler
                0x0800d1b0        0xc ../../libDaisy//build\libdaisy.a(tim.o)
                0x0800d1b0                TIM5_IRQHandler
 .text._ZN5daisy11TimerHandle4InitERKNS0_6ConfigE
                0x0800d1bc       0xd0 ../../libDaisy//build\libdaisy.a(tim.o)
                0x0800d1bc                daisy::TimerHandle::Init(daisy::TimerHandle::Config const&)
 .text._ZN5daisy11TimerHandle5StartEv
                0x0800d28c       0x24 ../../libDaisy//build\libdaisy.a(tim.o)
                0x0800d28c                daisy::TimerHandle::Start()
 .text._ZN5daisy11TimerHandle7DelayUsEm
                0x0800d2b0       0x34 ../../libDaisy//build\libdaisy.a(tim.o)
                0x0800d2b0                daisy::TimerHandle::DelayUs(unsigned long)
 .text.startup._GLOBAL__sub_I__ZN5daisy11TimerHandle4Impl4InitERKNS0_6ConfigE
                0x0800d2e4       0x38 ../../libDaisy//build\libdaisy.a(tim.o)
 .text._ZN5daisy11UartHandler4Impl7InitDmaEbb
                0x0800d31c      0x164 ../../libDaisy//build\libdaisy.a(uart.o)
                0x0800d31c                daisy::UartHandler::Impl::InitDma(bool, bool)
 .text._ZN5daisy11UartHandler4Impl10HandleFifoEv
                0x0800d480       0xec ../../libDaisy//build\libdaisy.a(uart.o)
                0x0800d480                daisy::UartHandler::Impl::HandleFifo()
 .text._ZN5daisy11UartHandler4Impl10StartDmaTxEPhjPFvPvEPFvS3_NS0_6ResultEES3_
                0x0800d56c       0xcc ../../libDaisy//build\libdaisy.a(uart.o)
                0x0800d56c                daisy::UartHandler::Impl::StartDmaTx(unsigned char*, unsigned int, void (*)(void*), void (*)(void*, daisy::UartHandler::Result), void*)
 .text._ZN5daisy11UartHandler4Impl10StartDmaRxEPhjPFvPvEPFvS3_NS0_6ResultEES3_
                0x0800d638       0xcc ../../libDaisy//build\libdaisy.a(uart.o)
                0x0800d638                daisy::UartHandler::Impl::StartDmaRx(unsigned char*, unsigned int, void (*)(void*), void (*)(void*, daisy::UartHandler::Result), void*)
 .text._ZN5daisy11UartHandler4Impl19DmaTransferFinishedEP20__UART_HandleTypeDefNS0_6ResultE
                0x0800d704       0xc0 ../../libDaisy//build\libdaisy.a(uart.o)
                0x0800d704                daisy::UartHandler::Impl::DmaTransferFinished(__UART_HandleTypeDef*, daisy::UartHandler::Result)
 .text._ZN5daisy11UartHandler4Impl8InitPinsEv
                0x0800d7c4      0x150 ../../libDaisy//build\libdaisy.a(uart.o)
                0x0800d7c4                daisy::UartHandler::Impl::InitPins()
 .text.HAL_UART_MspInit
                0x0800d914      0x210 ../../libDaisy//build\libdaisy.a(uart.o)
                0x0800d914                HAL_UART_MspInit
 .text.dsy_uart_global_init
                0x0800db24      0x110 ../../libDaisy//build\libdaisy.a(uart.o)
                0x0800db24                dsy_uart_global_init
 .text.USART1_IRQHandler
                0x0800dc34       0x30 ../../libDaisy//build\libdaisy.a(uart.o)
                0x0800dc34                USART1_IRQHandler
 .text.USART2_IRQHandler
                0x0800dc64       0x34 ../../libDaisy//build\libdaisy.a(uart.o)
                0x0800dc64                USART2_IRQHandler
 .text.USART3_IRQHandler
                0x0800dc98       0x34 ../../libDaisy//build\libdaisy.a(uart.o)
                0x0800dc98                USART3_IRQHandler
 .text.UART4_IRQHandler
                0x0800dccc       0x34 ../../libDaisy//build\libdaisy.a(uart.o)
                0x0800dccc                UART4_IRQHandler
 .text.UART5_IRQHandler
                0x0800dd00       0x34 ../../libDaisy//build\libdaisy.a(uart.o)
                0x0800dd00                UART5_IRQHandler
 .text.USART6_IRQHandler
                0x0800dd34       0x34 ../../libDaisy//build\libdaisy.a(uart.o)
                0x0800dd34                USART6_IRQHandler
 .text.UART7_IRQHandler
                0x0800dd68       0x30 ../../libDaisy//build\libdaisy.a(uart.o)
                0x0800dd68                UART7_IRQHandler
 .text.UART8_IRQHandler
                0x0800dd98       0x34 ../../libDaisy//build\libdaisy.a(uart.o)
                0x0800dd98                UART8_IRQHandler
 .text.LPUART1_IRQHandler
                0x0800ddcc       0x34 ../../libDaisy//build\libdaisy.a(uart.o)
                0x0800ddcc                LPUART1_IRQHandler
 .text.DMA1_Stream5_IRQHandler
                0x0800de00       0x34 ../../libDaisy//build\libdaisy.a(uart.o)
                0x0800de00                DMA1_Stream5_IRQHandler
 .text.DMA2_Stream4_IRQHandler
                0x0800de34       0x34 ../../libDaisy//build\libdaisy.a(uart.o)
                0x0800de34                DMA2_Stream4_IRQHandler
 .text.HAL_UART_TxCpltCallback
                0x0800de68        0x8 ../../libDaisy//build\libdaisy.a(uart.o)
                0x0800de68                HAL_UART_TxCpltCallback
 .text.HAL_UART_RxCpltCallback
                0x0800de70        0x8 ../../libDaisy//build\libdaisy.a(uart.o)
                0x0800de70                HAL_UART_RxCpltCallback
 .text.HAL_UART_ErrorCallback
                0x0800de78        0x8 ../../libDaisy//build\libdaisy.a(uart.o)
                0x0800de78                HAL_UART_ErrorCallback
 .text.startup._GLOBAL__sub_I__Z19MapInstanceToHandleP13USART_TypeDef
                0x0800de80      0x190 ../../libDaisy//build\libdaisy.a(uart.o)
 .text.dsy_dma_init
                0x0800e010      0x100 ../../libDaisy//build\libdaisy.a(dma.o)
                0x0800e010                dsy_dma_init
 .text.HAL_MDMA_Abort_IT
                0x0800e110       0x2c ../../libDaisy//build\libdaisy.a(stm32h7xx_hal_mdma.o)
                0x0800e110                HAL_MDMA_Abort_IT
 .text.HAL_TIM_Base_Init
                0x0800e13c      0x140 ../../libDaisy//build\libdaisy.a(stm32h7xx_hal_tim.o)
                0x0800e13c                HAL_TIM_Base_Init
 .text.HAL_TIM_Base_Start
                0x0800e27c       0x34 ../../libDaisy//build\libdaisy.a(stm32h7xx_hal_tim.o)
                0x0800e27c                HAL_TIM_Base_Start
 .text.HAL_TIM_Base_Start_IT
                0x0800e2b0       0x2c ../../libDaisy//build\libdaisy.a(stm32h7xx_hal_tim.o)
                0x0800e2b0                HAL_TIM_Base_Start_IT
 .text.HAL_TIM_ConfigClockSource
                0x0800e2dc      0x17c ../../libDaisy//build\libdaisy.a(stm32h7xx_hal_tim.o)
                0x0800e2dc                HAL_TIM_ConfigClockSource
 .text.HAL_TIM_OC_DelayElapsedCallback
                0x0800e458        0x4 ../../libDaisy//build\libdaisy.a(stm32h7xx_hal_tim.o)
                0x0800e458                HAL_TIM_OC_DelayElapsedCallback
 .text.HAL_TIM_IC_CaptureCallback
                0x0800e45c        0x4 ../../libDaisy//build\libdaisy.a(stm32h7xx_hal_tim.o)
                0x0800e45c                HAL_TIM_IC_CaptureCallback
 .text.HAL_TIM_PWM_PulseFinishedCallback
                0x0800e460        0x4 ../../libDaisy//build\libdaisy.a(stm32h7xx_hal_tim.o)
                0x0800e460                HAL_TIM_PWM_PulseFinishedCallback
 .text.HAL_TIM_TriggerCallback
                0x0800e464        0x4 ../../libDaisy//build\libdaisy.a(stm32h7xx_hal_tim.o)
                0x0800e464                HAL_TIM_TriggerCallback
 .text.HAL_TIM_IRQHandler
                0x0800e468      0x170 ../../libDaisy//build\libdaisy.a(stm32h7xx_hal_tim.o)
                0x0800e468                HAL_TIM_IRQHandler
 .text.HAL_TIMEx_MasterConfigSynchronization
                0x0800e5d8       0x64 ../../libDaisy//build\libdaisy.a(stm32h7xx_hal_tim_ex.o)
                0x0800e5d8                HAL_TIMEx_MasterConfigSynchronization
 .text.HAL_TIMEx_CommutCallback
                0x0800e63c        0x4 ../../libDaisy//build\libdaisy.a(stm32h7xx_hal_tim_ex.o)
                0x0800e63c                HAL_TIMEx_CommutCallback
 .text.HAL_TIMEx_BreakCallback
                0x0800e640        0x4 ../../libDaisy//build\libdaisy.a(stm32h7xx_hal_tim_ex.o)
                0x0800e640                HAL_TIMEx_BreakCallback
 .text.HAL_TIMEx_Break2Callback
                0x0800e644        0x4 ../../libDaisy//build\libdaisy.a(stm32h7xx_hal_tim_ex.o)
                0x0800e644                HAL_TIMEx_Break2Callback
 .text.HAL_UART_Transmit_DMA
                0x0800e648       0xa4 ../../libDaisy//build\libdaisy.a(stm32h7xx_hal_uart.o)
                0x0800e648                HAL_UART_Transmit_DMA
 .text.HAL_UART_Receive_DMA
                0x0800e6ec       0xac ../../libDaisy//build\libdaisy.a(stm32h7xx_hal_uart.o)
                0x0800e6ec                HAL_UART_Receive_DMA
 .text.UART_DMATransmitCplt
                0x0800e798       0x2c ../../libDaisy//build\libdaisy.a(stm32h7xx_hal_uart.o)
 .text.HAL_UART_TxHalfCpltCallback
                0x0800e7c4        0x4 ../../libDaisy//build\libdaisy.a(stm32h7xx_hal_uart.o)
                0x0800e7c4                HAL_UART_TxHalfCpltCallback
 .text.UART_DMATxHalfCplt
                0x0800e7c8        0xc ../../libDaisy//build\libdaisy.a(stm32h7xx_hal_uart.o)
 .text.UART_DMAReceiveCplt
                0x0800e7d4       0x38 ../../libDaisy//build\libdaisy.a(stm32h7xx_hal_uart.o)
 .text.HAL_UART_RxHalfCpltCallback
                0x0800e80c        0x4 ../../libDaisy//build\libdaisy.a(stm32h7xx_hal_uart.o)
                0x0800e80c                HAL_UART_RxHalfCpltCallback
 .text.UART_DMARxHalfCplt
                0x0800e810        0xc ../../libDaisy//build\libdaisy.a(stm32h7xx_hal_uart.o)
 .text.UART_DMAError
                0x0800e81c       0x78 ../../libDaisy//build\libdaisy.a(stm32h7xx_hal_uart.o)
 .text.HAL_UART_IRQHandler
                0x0800e894      0x1d0 ../../libDaisy//build\libdaisy.a(stm32h7xx_hal_uart.o)
                0x0800e894                HAL_UART_IRQHandler
 .text.UART_DMAAbortOnError
                0x0800ea64       0x14 ../../libDaisy//build\libdaisy.a(stm32h7xx_hal_uart.o)
 .text.HAL_UART_GetState
                0x0800ea78        0xc ../../libDaisy//build\libdaisy.a(stm32h7xx_hal_uart.o)
                0x0800ea78                HAL_UART_GetState
 .text.UART_SetConfig
                0x0800ea84     0x14b8 ../../libDaisy//build\libdaisy.a(stm32h7xx_hal_uart.o)
                0x0800ea84                UART_SetConfig
 .text.UART_AdvFeatureConfig
                0x0800ff3c       0xb0 ../../libDaisy//build\libdaisy.a(stm32h7xx_hal_uart.o)
                0x0800ff3c                UART_AdvFeatureConfig
 .text.UART_CheckIdleState
                0x0800ffec       0x84 ../../libDaisy//build\libdaisy.a(stm32h7xx_hal_uart.o)
                0x0800ffec                UART_CheckIdleState
 .text.HAL_UART_Init
                0x08010070       0x68 ../../libDaisy//build\libdaisy.a(stm32h7xx_hal_uart.o)
                0x08010070                HAL_UART_Init
 .text.HAL_UARTEx_WakeupCallback
                0x080100d8        0x4 ../../libDaisy//build\libdaisy.a(stm32h7xx_hal_uart_ex.o)
                0x080100d8                HAL_UARTEx_WakeupCallback
 .text.HAL_UARTEx_RxFifoFullCallback
                0x080100dc        0x4 ../../libDaisy//build\libdaisy.a(stm32h7xx_hal_uart_ex.o)
                0x080100dc                HAL_UARTEx_RxFifoFullCallback
 .text.HAL_UARTEx_TxFifoEmptyCallback
                0x080100e0        0x4 ../../libDaisy//build\libdaisy.a(stm32h7xx_hal_uart_ex.o)
                0x080100e0                HAL_UARTEx_TxFifoEmptyCallback
 .text.__aeabi_atexit
                0x080100e4        0xa c:/program files/daisytoolchain/bin/../lib/gcc/arm-none-eabi/10.2.1/../../../../arm-none-eabi/lib/thumb/v7e-m+dp/hard\libstdc++_nano.a(atexit_arm.o)
                0x080100e4                __aeabi_atexit
 .text._ZdlPvj  0x080100ee        0x4 c:/program files/daisytoolchain/bin/../lib/gcc/arm-none-eabi/10.2.1/../../../../arm-none-eabi/lib/thumb/v7e-m+dp/hard\libstdc++_nano.a(del_ops.o)
                0x080100ee                operator delete(void*, unsigned int)
 .text._ZdlPv   0x080100f2        0x4 c:/program files/daisytoolchain/bin/../lib/gcc/arm-none-eabi/10.2.1/../../../../arm-none-eabi/lib/thumb/v7e-m+dp/hard\libstdc++_nano.a(del_op.o)
                0x080100f2                operator delete(void*)
 *fill*         0x080100f6        0x2 
 .text.cosf     0x080100f8      0x1bc c:/program files/daisytoolchain/bin/../lib/gcc/arm-none-eabi/10.2.1/../../../../arm-none-eabi/lib/thumb/v7e-m+dp/hard\libm.a(lib_a-cosf.o)
                0x080100f8                cosf
 .text.with_errnof
                0x080102b4       0x18 c:/program files/daisytoolchain/bin/../lib/gcc/arm-none-eabi/10.2.1/../../../../arm-none-eabi/lib/thumb/v7e-m+dp/hard\libm.a(lib_a-math_errf.o)
 .text.__math_invalidf
                0x080102cc       0x20 c:/program files/daisytoolchain/bin/../lib/gcc/arm-none-eabi/10.2.1/../../../../arm-none-eabi/lib/thumb/v7e-m+dp/hard\libm.a(lib_a-math_errf.o)
                0x080102cc                __math_invalidf
 *fill*         0x080102ec        0x4 
 .text.sinf     0x080102f0      0x20c c:/program files/daisytoolchain/bin/../lib/gcc/arm-none-eabi/10.2.1/../../../../arm-none-eabi/lib/thumb/v7e-m+dp/hard\libm.a(lib_a-sinf.o)
                0x080102f0                sinf
 .text.__cxa_atexit
                0x080104fc       0x1c c:/program files/daisytoolchain/bin/../lib/gcc/arm-none-eabi/10.2.1/../../../../arm-none-eabi/lib/thumb/v7e-m+dp/hard\libc_nano.a(lib_a-cxa_atexit.o)
                0x080104fc                __cxa_atexit
 .text.__errno  0x08010518        0xc c:/program files/daisytoolchain/bin/../lib/gcc/arm-none-eabi/10.2.1/../../../../arm-none-eabi/lib/thumb/v7e-m+dp/hard\libc_nano.a(lib_a-errno.o)
                0x08010518                __errno
 .text.__libc_init_array
                0x08010524       0x48 c:/program files/daisytoolchain/bin/../lib/gcc/arm-none-eabi/10.2.1/../../../../arm-none-eabi/lib/thumb/v7e-m+dp/hard\libc_nano.a(lib_a-init.o)
                0x08010524                __libc_init_array
 .text.free     0x0801056c       0x10 c:/program files/daisytoolchain/bin/../lib/gcc/arm-none-eabi/10.2.1/../../../../arm-none-eabi/lib/thumb/v7e-m+dp/hard\libc_nano.a(lib_a-malloc.o)
                0x0801056c                free
 .text.memcpy   0x0801057c       0x1c c:/program files/daisytoolchain/bin/../lib/gcc/arm-none-eabi/10.2.1/../../../../arm-none-eabi/lib/thumb/v7e-m+dp/hard\libc_nano.a(lib_a-memcpy-stub.o)
                0x0801057c                memcpy
 .text.memset   0x08010598       0x10 c:/program files/daisytoolchain/bin/../lib/gcc/arm-none-eabi/10.2.1/../../../../arm-none-eabi/lib/thumb/v7e-m+dp/hard\libc_nano.a(lib_a-memset.o)
                0x08010598                memset
 .text._free_r  0x080105a8       0x98 c:/program files/daisytoolchain/bin/../lib/gcc/arm-none-eabi/10.2.1/../../../../arm-none-eabi/lib/thumb/v7e-m+dp/hard\libc_nano.a(lib_a-nano-freer.o)
                0x080105a8                _free_r
 .text.__retarget_lock_acquire_recursive
                0x08010640        0x2 c:/program files/daisytoolchain/bin/../lib/gcc/arm-none-eabi/10.2.1/../../../../arm-none-eabi/lib/thumb/v7e-m+dp/hard\libc_nano.a(lib_a-lock.o)
                0x08010640                __retarget_lock_acquire_recursive
 .text.__retarget_lock_release_recursive
                0x08010642        0x2 c:/program files/daisytoolchain/bin/../lib/gcc/arm-none-eabi/10.2.1/../../../../arm-none-eabi/lib/thumb/v7e-m+dp/hard\libc_nano.a(lib_a-lock.o)
                0x08010642                __retarget_lock_release_recursive
 .text.__malloc_lock
                0x08010644        0xc c:/program files/daisytoolchain/bin/../lib/gcc/arm-none-eabi/10.2.1/../../../../arm-none-eabi/lib/thumb/v7e-m+dp/hard\libc_nano.a(lib_a-mlock.o)
                0x08010644                __malloc_lock
 .text.__malloc_unlock
                0x08010650        0xc c:/program files/daisytoolchain/bin/../lib/gcc/arm-none-eabi/10.2.1/../../../../arm-none-eabi/lib/thumb/v7e-m+dp/hard\libc_nano.a(lib_a-mlock.o)
                0x08010650                __malloc_unlock
 *(.rodata)
 .rodata        0x0801065c       0x12 build/TestingScreen.o
 *fill*         0x0801066e        0x2 
 .rodata        0x08010670       0x10 ../../libDaisy//build\libdaisy.a(i2c.o)
 .rodata        0x08010680       0x10 ../../libDaisy//build\libdaisy.a(tim.o)
 .rodata        0x08010690       0x12 ../../libDaisy//build\libdaisy.a(uart.o)
 *(.rodata*)
 *fill*         0x080106a2        0x2 
 .rodata._ZTVN5daisy11OledDisplayINS_13SSD130xDriverILj128ELj64ENS_24SSD130x4WireSpiTransportEEEEE
                0x080106a4       0x3c build/TestingScreen.o
                0x080106a4                vtable for daisy::OledDisplay<daisy::SSD130xDriver<128u, 64u, daisy::SSD130x4WireSpiTransport> >
 .rodata._ZL8seedgpio
                0x080106e0       0x42 ../../libDaisy//build\libdaisy.a(daisy_seed.o)
 *fill*         0x08010722        0x2 
 .rodata.CSWTCH.35
                0x08010724        0x3 ../../libDaisy//build\libdaisy.a(sai.o)
 *fill*         0x08010727        0x1 
 .rodata.CSWTCH.36
                0x08010728        0xc ../../libDaisy//build\libdaisy.a(sai.o)
 .rodata.CSWTCH.44
                0x08010734       0x14 ../../libDaisy//build\libdaisy.a(sai.o)
 .rodata.CSWTCH.80
                0x08010748       0x18 ../../libDaisy//build\libdaisy.a(spi.o)
 .rodata.CSWTCH.81
                0x08010760        0xc ../../libDaisy//build\libdaisy.a(spi.o)
 .rodata._ZL13pins_none_spi
                0x0801076c        0x3 ../../libDaisy//build\libdaisy.a(spi.o)
 *fill*         0x0801076f        0x1 
 .rodata._ZL16pins_periphs_spi
                0x08010770       0x60 ../../libDaisy//build\libdaisy.a(spi.o)
 .rodata.D1CorePrescTable
                0x080107d0       0x10 ../../libDaisy//build\libdaisy.a(system_stm32h7xx.o)
                0x080107d0                D1CorePrescTable
 .rodata.CSWTCH.24
                0x080107e0        0x4 ../../libDaisy//build\libdaisy.a(usbd_conf.o)
 .rodata.CSWTCH.19
                0x080107e4        0x4 ../../libDaisy//build\libdaisy.a(usbh_conf.o)
 .rodata.gpio_hal_pin_map
                0x080107e8       0x20 ../../libDaisy//build\libdaisy.a(hal_map.o)
 .rodata.gpio_hal_port_map
                0x08010808       0x30 ../../libDaisy//build\libdaisy.a(hal_map.o)
 .rodata.Font7x10
                0x08010838      0x76c ../../libDaisy//build\libdaisy.a(oled_fonts.o)
 .rodata.flagBitshiftOffset.0
                0x08010fa4        0x8 ../../libDaisy//build\libdaisy.a(stm32h7xx_hal_dma.o)
 .rodata.CSWTCH.418
                0x08010fac       0x29 ../../libDaisy//build\libdaisy.a(stm32h7xx_hal_uart.o)
 *fill*         0x08010fd5        0x3 
 .rodata.CSWTCH.419
                0x08010fd8        0x6 ../../libDaisy//build\libdaisy.a(stm32h7xx_hal_uart.o)
 *fill*         0x08010fde        0x2 
 .rodata.CSWTCH.426
                0x08010fe0        0x6 ../../libDaisy//build\libdaisy.a(stm32h7xx_hal_uart.o)
 *fill*         0x08010fe6        0x2 
 .rodata.__inv_pio4
                0x08010fe8       0x60 c:/program files/daisytoolchain/bin/../lib/gcc/arm-none-eabi/10.2.1/../../../../arm-none-eabi/lib/thumb/v7e-m+dp/hard\libm.a(lib_a-sincosf_data.o)
                0x08010fe8                __inv_pio4
 .rodata.__sincosf_table
                0x08011048       0xe0 c:/program files/daisytoolchain/bin/../lib/gcc/arm-none-eabi/10.2.1/../../../../arm-none-eabi/lib/thumb/v7e-m+dp/hard\libm.a(lib_a-sincosf_data.o)
                0x08011048                __sincosf_table
 .rodata.__sf_fake_stderr
                0x08011128       0x20 c:/program files/daisytoolchain/bin/../lib/gcc/arm-none-eabi/10.2.1/../../../../arm-none-eabi/lib/thumb/v7e-m+dp/hard\libc_nano.a(lib_a-findfp.o)
                0x08011128                __sf_fake_stderr
 .rodata.__sf_fake_stdin
                0x08011148       0x20 c:/program files/daisytoolchain/bin/../lib/gcc/arm-none-eabi/10.2.1/../../../../arm-none-eabi/lib/thumb/v7e-m+dp/hard\libc_nano.a(lib_a-findfp.o)
                0x08011148                __sf_fake_stdin
 .rodata.__sf_fake_stdout
                0x08011168       0x20 c:/program files/daisytoolchain/bin/../lib/gcc/arm-none-eabi/10.2.1/../../../../arm-none-eabi/lib/thumb/v7e-m+dp/hard\libc_nano.a(lib_a-findfp.o)
                0x08011168                __sf_fake_stdout
 *(.glue_7)
 .glue_7        0x08011188        0x0 linker stubs
 *(.glue_7t)
 .glue_7t       0x08011188        0x0 linker stubs
 *(.init)
 .init          0x08011188        0x4 c:/program files/daisytoolchain/bin/../lib/gcc/arm-none-eabi/10.2.1/thumb/v7e-m+dp/hard/crti.o
                0x08011188                _init
 .init          0x0801118c        0x8 c:/program files/daisytoolchain/bin/../lib/gcc/arm-none-eabi/10.2.1/thumb/v7e-m+dp/hard/crtn.o
 *(.fini)
 .fini          0x08011194        0x4 c:/program files/daisytoolchain/bin/../lib/gcc/arm-none-eabi/10.2.1/thumb/v7e-m+dp/hard/crti.o
                0x08011194                _fini
 .fini          0x08011198        0x8 c:/program files/daisytoolchain/bin/../lib/gcc/arm-none-eabi/10.2.1/thumb/v7e-m+dp/hard/crtn.o
                0x080111a0                . = ALIGN (0x4)
                0x080111a0                _etext = .

.eh_frame       0x080111a0        0x0
 .eh_frame      0x080111a0        0x0 c:/program files/daisytoolchain/bin/../lib/gcc/arm-none-eabi/10.2.1/thumb/v7e-m+dp/hard/crtbegin.o

.vfp11_veneer   0x080111a0        0x0
 .vfp11_veneer  0x080111a0        0x0 linker stubs

.v4_bx          0x080111a0        0x0
 .v4_bx         0x080111a0        0x0 linker stubs

.iplt           0x080111a0        0x0
 .iplt          0x080111a0        0x0 c:/program files/daisytoolchain/bin/../lib/gcc/arm-none-eabi/10.2.1/thumb/v7e-m+dp/hard/crtbegin.o

.ARM.extab      0x080111a0        0x0
                0x080111a0                . = ALIGN (0x4)
 *(.ARM.extab)
 *(.gnu.linkonce.armextab.*)
                0x080111a0                . = ALIGN (0x4)

.exidx          0x080111a0        0x8
                0x080111a0                . = ALIGN (0x4)
                [!provide]                PROVIDE (__exidx_start = .)
 *(.ARM.exidx*)
 .ARM.exidx     0x080111a0        0x8 c:/program files/daisytoolchain/bin/../lib/gcc/arm-none-eabi/10.2.1/thumb/v7e-m+dp/hard\libgcc.a(_udivmoddi4.o)
                0x080111a8                . = ALIGN (0x4)
                [!provide]                PROVIDE (__exidx_end = .)

.rel.dyn        0x080111a8        0x0
 .rel.iplt      0x080111a8        0x0 c:/program files/daisytoolchain/bin/../lib/gcc/arm-none-eabi/10.2.1/thumb/v7e-m+dp/hard/crtbegin.o

.ARM.attributes
                0x080111a8       0x2e
 *(.ARM.attributes)
 .ARM.attributes
                0x080111a8       0x1e c:/program files/daisytoolchain/bin/../lib/gcc/arm-none-eabi/10.2.1/thumb/v7e-m+dp/hard/crti.o
 .ARM.attributes
                0x080111c6       0x32 c:/program files/daisytoolchain/bin/../lib/gcc/arm-none-eabi/10.2.1/thumb/v7e-m+dp/hard/crtbegin.o
 .ARM.attributes
                0x080111f8       0x32 build/startup_stm32h750xx.o
 .ARM.attributes
                0x0801122a       0x32 build/TestingScreen.o
 .ARM.attributes
                0x0801125c       0x32 build/hc165.o
 .ARM.attributes
                0x0801128e       0x32 ../../libDaisy//build\libdaisy.a(daisy_seed.o)
 .ARM.attributes
                0x080112c0       0x32 ../../libDaisy//build\libdaisy.a(codec_ak4556.o)
 .ARM.attributes
                0x080112f2       0x32 ../../libDaisy//build\libdaisy.a(codec_wm8731.o)
 .ARM.attributes
                0x08011324       0x32 ../../libDaisy//build\libdaisy.a(sdram.o)
 .ARM.attributes
                0x08011356       0x32 ../../libDaisy//build\libdaisy.a(audio.o)
 .ARM.attributes
                0x08011388       0x32 ../../libDaisy//build\libdaisy.a(logger.o)
 .ARM.attributes
                0x080113ba       0x32 ../../libDaisy//build\libdaisy.a(usb.o)
 .ARM.attributes
                0x080113ec       0x32 ../../libDaisy//build\libdaisy.a(gpio.o)
 .ARM.attributes
                0x0801141e       0x32 ../../libDaisy//build\libdaisy.a(i2c.o)
 .ARM.attributes
                0x08011450       0x32 ../../libDaisy//build\libdaisy.a(qspi.o)
 .ARM.attributes
                0x08011482       0x32 ../../libDaisy//build\libdaisy.a(sai.o)
 .ARM.attributes
                0x080114b4       0x32 ../../libDaisy//build\libdaisy.a(spi.o)
 .ARM.attributes
                0x080114e6       0x32 ../../libDaisy//build\libdaisy.a(system.o)
 .ARM.attributes
                0x08011518       0x32 ../../libDaisy//build\libdaisy.a(system_stm32h7xx.o)
 .ARM.attributes
                0x0801154a       0x32 ../../libDaisy//build\libdaisy.a(usbd_conf.o)
 .ARM.attributes
                0x0801157c       0x32 ../../libDaisy//build\libdaisy.a(usbh_conf.o)
 .ARM.attributes
                0x080115ae       0x32 ../../libDaisy//build\libdaisy.a(hal_map.o)
 .ARM.attributes
                0x080115e0       0x37 ../../libDaisy//build\libdaisy.a(oled_fonts.o)
 .ARM.attributes
                0x08011617       0x32 ../../libDaisy//build\libdaisy.a(stm32h7xx_hal.o)
 .ARM.attributes
                0x08011649       0x32 ../../libDaisy//build\libdaisy.a(stm32h7xx_hal_cortex.o)
 .ARM.attributes
                0x0801167b       0x32 ../../libDaisy//build\libdaisy.a(stm32h7xx_hal_dma.o)
 .ARM.attributes
                0x080116ad       0x32 ../../libDaisy//build\libdaisy.a(stm32h7xx_hal_gpio.o)
 .ARM.attributes
                0x080116df       0x32 ../../libDaisy//build\libdaisy.a(stm32h7xx_hal_hcd.o)
 .ARM.attributes
                0x08011711       0x32 ../../libDaisy//build\libdaisy.a(stm32h7xx_hal_i2c.o)
 .ARM.attributes
                0x08011743       0x32 ../../libDaisy//build\libdaisy.a(stm32h7xx_hal_i2c_ex.o)
 .ARM.attributes
                0x08011775       0x32 ../../libDaisy//build\libdaisy.a(stm32h7xx_hal_pcd.o)
 .ARM.attributes
                0x080117a7       0x32 ../../libDaisy//build\libdaisy.a(stm32h7xx_hal_pcd_ex.o)
 .ARM.attributes
                0x080117d9       0x32 ../../libDaisy//build\libdaisy.a(stm32h7xx_hal_pwr_ex.o)
 .ARM.attributes